Dev0 /home/zmw/big_space/zhangmeiwei_space/asr_data/ad/A/A/E374.wav
Dev1 /home/zmw/big_space/zhangmeiwei_space/asr_data/ad/A/A/Q441.wav
Dev2 /home/zmw/big_space/zhangmeiwei_space/asr_data/ad/A/A/D135.wav
Dev3 /home/zmw/big_space/zhangmeiwei_space/asr_data/ad/A/C/G95.wav
Dev4 /home/zmw/big_space/zhangmeiwei_space/asr_data/ad/A/B/S586.wav
Dev5 /home/zmw/big_space/zhangmeiwei_space/asr_data/ad/A/C/C714.wav
Dev6 /home/zmw/big_space/zhangmeiwei_space/asr_data/ad/A/B/B387.wav
Dev7 /home/zmw/big_space/zhangmeiwei_space/asr_data/ad/A/A/A597.wav
Dev8 /home/zmw/big_space/zhangmeiwei_space/asr_data/ad/A/A/D456.wav
Dev9 /home/zmw/big_space/zhangmeiwei_space/asr_data/ad/A/A/Q617.wav
Dev10 /home/zmw/big_space/zhangmeiwei_space/asr_data/ad/A/B/L74.wav
Dev11 /home/zmw/big_space/zhangmeiwei_space/asr_data/ad/A/A/Q840.wav
Dev12 /home/zmw/big_space/zhangmeiwei_space/asr_data/ad/A/C/E90.wav
Dev13 /home/zmw/big_space/zhangmeiwei_space/asr_data/ad/A/B/S118.wav
Dev14 /home/zmw/big_space/zhangmeiwei_space/asr_data/ad/A/B/L18.wav
Dev15 /home/zmw/big_space/zhangmeiwei_space/asr_data/ad/A/B/B7.wav
Dev16 /home/zmw/big_space/zhangmeiwei_space/asr_data/ad/A/B/S172.wav
Dev17 /home/zmw/big_space/zhangmeiwei_space/asr_data/ad/A/C/F442.wav
Dev18 /home/zmw/big_space/zhangmeiwei_space/asr_data/ad/A/C/G25.wav
Dev19 /home/zmw/big_space/zhangmeiwei_space/asr_data/ad/A/A/A442.wav
Dev20 /home/zmw/big_space/zhangmeiwei_space/asr_data/ad/A/C/C599.wav
Dev21 /home/zmw/big_space/zhangmeiwei_space/asr_data/ad/A/C/G50.wav
Dev22 /home/zmw/big_space/zhangmeiwei_space/asr_data/ad/A/A/Q177.wav
Dev23 /home/zmw/big_space/zhangmeiwei_space/asr_data/ad/A/C/F457.wav
Dev24 /home/zmw/big_space/zhangmeiwei_space/asr_data/ad/A/B/G27.wav
Dev25 /home/zmw/big_space/zhangmeiwei_space/asr_data/ad/A/C/D20.wav
Dev26 /home/zmw/big_space/zhangmeiwei_space/asr_data/ad/A/C/H402.wav
Dev27 /home/zmw/big_space/zhangmeiwei_space/asr_data/ad/A/A/D101.wav
Dev28 /home/zmw/big_space/zhangmeiwei_space/asr_data/ad/A/B/R252.wav
Dev29 /home/zmw/big_space/zhangmeiwei_space/asr_data/ad/A/C/G169.wav
Dev30 /home/zmw/big_space/zhangmeiwei_space/asr_data/ad/A/B/G235.wav
Dev31 /home/zmw/big_space/zhangmeiwei_space/asr_data/ad/A/B/G244.wav
Dev32 /home/zmw/big_space/zhangmeiwei_space/asr_data/ad/A/C/B253.wav
Dev33 /home/zmw/big_space/zhangmeiwei_space/asr_data/ad/A/B/E365.wav
Dev34 /home/zmw/big_space/zhangmeiwei_space/asr_data/ad/A/B/H135.wav
Dev35 /home/zmw/big_space/zhangmeiwei_space/asr_data/ad/A/B/Z204.wav
Dev36 /home/zmw/big_space/zhangmeiwei_space/asr_data/ad/A/C/D357.wav
Dev37 /home/zmw/big_space/zhangmeiwei_space/asr_data/ad/A/A/D194.wav
Dev38 /home/zmw/big_space/zhangmeiwei_space/asr_data/ad/A/C/G189.wav
Dev39 /home/zmw/big_space/zhangmeiwei_space/asr_data/ad/A/A/B223.wav
Dev40 /home/zmw/big_space/zhangmeiwei_space/asr_data/ad/A/C/C229.wav
Dev41 /home/zmw/big_space/zhangmeiwei_space/asr_data/ad/A/A/C395.wav
Dev42 /home/zmw/big_space/zhangmeiwei_space/asr_data/ad/A/C/F476.wav
Dev43 /home/zmw/big_space/zhangmeiwei_space/asr_data/ad/A/B/Y11.wav
Dev44 /home/zmw/big_space/zhangmeiwei_space/asr_data/ad/A/B/G81.wav
Dev45 /home/zmw/big_space/zhangmeiwei_space/asr_data/ad/A/A/C029.wav
Dev46 /home/zmw/big_space/zhangmeiwei_space/asr_data/ad/A/B/E134.wav
Dev47 /home/zmw/big_space/zhangmeiwei_space/asr_data/ad/A/C/F186.wav
Dev48 /home/zmw/big_space/zhangmeiwei_space/asr_data/ad/A/A/Q660.wav
Dev49 /home/zmw/big_space/zhangmeiwei_space/asr_data/ad/A/A/Q766.wav
Dev50 /home/zmw/big_space/zhangmeiwei_space/asr_data/ad/A/B/E285.wav
Dev51 /home/zmw/big_space/zhangmeiwei_space/asr_data/ad/A/A/D076.wav
Dev52 /home/zmw/big_space/zhangmeiwei_space/asr_data/ad/A/C/C774.wav
Dev53 /home/zmw/big_space/zhangmeiwei_space/asr_data/ad/A/B/B483.wav
Dev54 /home/zmw/big_space/zhangmeiwei_space/asr_data/ad/A/C/H287.wav
Dev55 /home/zmw/big_space/zhangmeiwei_space/asr_data/ad/A/C/C71.wav
Dev56 /home/zmw/big_space/zhangmeiwei_space/asr_data/ad/A/C/B25.wav
Dev57 /home/zmw/big_space/zhangmeiwei_space/asr_data/ad/A/B/B513.wav
Dev58 /home/zmw/big_space/zhangmeiwei_space/asr_data/ad/A/A/D436.wav
Dev59 /home/zmw/big_space/zhangmeiwei_space/asr_data/ad/A/C/F551.wav
Dev60 /home/zmw/big_space/zhangmeiwei_space/asr_data/ad/A/B/Z214.wav
Dev61 /home/zmw/big_space/zhangmeiwei_space/asr_data/ad/A/B/S610.wav
Dev62 /home/zmw/big_space/zhangmeiwei_space/asr_data/ad/A/A/D158.wav
Dev63 /home/zmw/big_space/zhangmeiwei_space/asr_data/ad/A/C/D550.wav
Dev64 /home/zmw/big_space/zhangmeiwei_space/asr_data/ad/A/C/B24.wav
Dev65 /home/zmw/big_space/zhangmeiwei_space/asr_data/ad/A/A/E245.wav
Dev66 /home/zmw/big_space/zhangmeiwei_space/asr_data/ad/A/A/A448.wav
Dev67 /home/zmw/big_space/zhangmeiwei_space/asr_data/ad/A/B/G41.wav
Dev68 /home/zmw/big_space/zhangmeiwei_space/asr_data/ad/A/B/S561.wav
Dev69 /home/zmw/big_space/zhangmeiwei_space/asr_data/ad/A/B/L35.wav
Dev70 /home/zmw/big_space/zhangmeiwei_space/asr_data/ad/A/B/L107.wav
Dev71 /home/zmw/big_space/zhangmeiwei_space/asr_data/ad/A/C/A1.wav
Dev72 /home/zmw/big_space/zhangmeiwei_space/asr_data/ad/A/C/B29.wav
Dev73 /home/zmw/big_space/zhangmeiwei_space/asr_data/ad/A/C/D508.wav
Dev74 /home/zmw/big_space/zhangmeiwei_space/asr_data/ad/A/A/Q234.wav
Dev75 /home/zmw/big_space/zhangmeiwei_space/asr_data/ad/A/A/C531.wav
Dev76 /home/zmw/big_space/zhangmeiwei_space/asr_data/ad/A/C/D425.wav
Dev77 /home/zmw/big_space/zhangmeiwei_space/asr_data/ad/A/C/D136.wav
Dev78 /home/zmw/big_space/zhangmeiwei_space/asr_data/ad/A/C/D208.wav
Dev79 /home/zmw/big_space/zhangmeiwei_space/asr_data/ad/A/B/B60.wav
Dev80 /home/zmw/big_space/zhangmeiwei_space/asr_data/ad/A/B/R41.wav
Dev81 /home/zmw/big_space/zhangmeiwei_space/asr_data/ad/A/C/A278.wav
Dev82 /home/zmw/big_space/zhangmeiwei_space/asr_data/ad/A/C/C73.wav
Dev83 /home/zmw/big_space/zhangmeiwei_space/asr_data/ad/A/A/A702.wav
Dev84 /home/zmw/big_space/zhangmeiwei_space/asr_data/ad/A/A/C351.wav
Dev85 /home/zmw/big_space/zhangmeiwei_space/asr_data/ad/A/B/R253.wav
Dev86 /home/zmw/big_space/zhangmeiwei_space/asr_data/ad/A/B/Y409.wav
Dev87 /home/zmw/big_space/zhangmeiwei_space/asr_data/ad/A/C/E197.wav
Dev88 /home/zmw/big_space/zhangmeiwei_space/asr_data/ad/A/B/Z208.wav
Dev89 /home/zmw/big_space/zhangmeiwei_space/asr_data/ad/A/C/B464.wav
Dev90 /home/zmw/big_space/zhangmeiwei_space/asr_data/ad/A/B/Y378.wav
Dev91 /home/zmw/big_space/zhangmeiwei_space/asr_data/ad/A/C/C249.wav
Dev92 /home/zmw/big_space/zhangmeiwei_space/asr_data/ad/A/C/B504.wav
Dev93 /home/zmw/big_space/zhangmeiwei_space/asr_data/ad/A/A/E479.wav
Dev94 /home/zmw/big_space/zhangmeiwei_space/asr_data/ad/A/B/Z172.wav
Dev95 /home/zmw/big_space/zhangmeiwei_space/asr_data/ad/A/B/C134.wav
Dev96 /home/zmw/big_space/zhangmeiwei_space/asr_data/ad/A/B/B305.wav
Dev97 /home/zmw/big_space/zhangmeiwei_space/asr_data/ad/A/A/Q886.wav
Dev98 /home/zmw/big_space/zhangmeiwei_space/asr_data/ad/A/B/S69.wav
Dev99 /home/zmw/big_space/zhangmeiwei_space/asr_data/ad/A/B/E263.wav
Dev100 /home/zmw/big_space/zhangmeiwei_space/asr_data/ad/A/C/C23.wav
Dev101 /home/zmw/big_space/zhangmeiwei_space/asr_data/ad/A/B/S539.wav
Dev102 /home/zmw/big_space/zhangmeiwei_space/asr_data/ad/A/B/Y22.wav
Dev103 /home/zmw/big_space/zhangmeiwei_space/asr_data/ad/A/C/C779.wav
Dev104 /home/zmw/big_space/zhangmeiwei_space/asr_data/ad/A/C/F171.wav
Dev105 /home/zmw/big_space/zhangmeiwei_space/asr_data/ad/A/B/G278.wav
Dev106 /home/zmw/big_space/zhangmeiwei_space/asr_data/ad/A/A/B108.wav
Dev107 /home/zmw/big_space/zhangmeiwei_space/asr_data/ad/A/B/E234.wav
Dev108 /home/zmw/big_space/zhangmeiwei_space/asr_data/ad/A/C/G73.wav
Dev109 /home/zmw/big_space/zhangmeiwei_space/asr_data/ad/A/B/S282.wav
Dev110 /home/zmw/big_space/zhangmeiwei_space/asr_data/ad/A/A/B449.wav
Dev111 /home/zmw/big_space/zhangmeiwei_space/asr_data/ad/A/C/F620.wav
Dev112 /home/zmw/big_space/zhangmeiwei_space/asr_data/ad/A/B/B765.wav
Dev113 /home/zmw/big_space/zhangmeiwei_space/asr_data/ad/A/B/S302.wav
Dev114 /home/zmw/big_space/zhangmeiwei_space/asr_data/ad/A/A/B500.wav
Dev115 /home/zmw/big_space/zhangmeiwei_space/asr_data/ad/A/A/B497.wav
Dev116 /home/zmw/big_space/zhangmeiwei_space/asr_data/ad/A/A/E375.wav
Dev117 /home/zmw/big_space/zhangmeiwei_space/asr_data/ad/A/C/H161.wav
Dev118 /home/zmw/big_space/zhangmeiwei_space/asr_data/ad/A/A/A050.wav
Dev119 /home/zmw/big_space/zhangmeiwei_space/asr_data/ad/A/B/D181.wav
Dev120 /home/zmw/big_space/zhangmeiwei_space/asr_data/ad/A/A/Q489.wav
Dev121 /home/zmw/big_space/zhangmeiwei_space/asr_data/ad/A/A/D257.wav
Dev122 /home/zmw/big_space/zhangmeiwei_space/asr_data/ad/A/B/B489.wav
Dev123 /home/zmw/big_space/zhangmeiwei_space/asr_data/ad/A/C/E67.wav
Dev124 /home/zmw/big_space/zhangmeiwei_space/asr_data/ad/A/C/F200.wav
Dev125 /home/zmw/big_space/zhangmeiwei_space/asr_data/ad/A/A/D364.wav
Dev126 /home/zmw/big_space/zhangmeiwei_space/asr_data/ad/A/C/B490.wav
Dev127 /home/zmw/big_space/zhangmeiwei_space/asr_data/ad/A/A/D098.wav
Dev128 /home/zmw/big_space/zhangmeiwei_space/asr_data/ad/A/B/Y391.wav
Dev129 /home/zmw/big_space/zhangmeiwei_space/asr_data/ad/A/C/H80.wav
Dev130 /home/zmw/big_space/zhangmeiwei_space/asr_data/ad/A/A/A598.wav
Dev131 /home/zmw/big_space/zhangmeiwei_space/asr_data/ad/A/B/B781.wav
Dev132 /home/zmw/big_space/zhangmeiwei_space/asr_data/ad/A/C/C795.wav
Dev133 /home/zmw/big_space/zhangmeiwei_space/asr_data/ad/A/B/L139.wav
Dev134 /home/zmw/big_space/zhangmeiwei_space/asr_data/ad/A/C/C572.wav
Dev135 /home/zmw/big_space/zhangmeiwei_space/asr_data/ad/A/B/S337.wav
Dev136 /home/zmw/big_space/zhangmeiwei_space/asr_data/ad/A/B/L201.wav
Dev137 /home/zmw/big_space/zhangmeiwei_space/asr_data/ad/A/A/A490.wav
Dev138 /home/zmw/big_space/zhangmeiwei_space/asr_data/ad/A/A/A433.wav
Dev139 /home/zmw/big_space/zhangmeiwei_space/asr_data/ad/A/C/H169.wav
Dev140 /home/zmw/big_space/zhangmeiwei_space/asr_data/ad/A/B/L102.wav
Dev141 /home/zmw/big_space/zhangmeiwei_space/asr_data/ad/A/B/H123.wav
Dev142 /home/zmw/big_space/zhangmeiwei_space/asr_data/ad/A/A/B599.wav
Dev143 /home/zmw/big_space/zhangmeiwei_space/asr_data/ad/A/A/A076.wav
Dev144 /home/zmw/big_space/zhangmeiwei_space/asr_data/ad/A/B/F149.wav
Dev145 /home/zmw/big_space/zhangmeiwei_space/asr_data/ad/A/B/E133.wav
Dev146 /home/zmw/big_space/zhangmeiwei_space/asr_data/ad/A/A/Q240.wav
Dev147 /home/zmw/big_space/zhangmeiwei_space/asr_data/ad/A/A/B053.wav
Dev148 /home/zmw/big_space/zhangmeiwei_space/asr_data/ad/A/A/D016.wav
Dev149 /home/zmw/big_space/zhangmeiwei_space/asr_data/ad/A/C/F545.wav
Dev150 /home/zmw/big_space/zhangmeiwei_space/asr_data/ad/A/C/C338.wav
Dev151 /home/zmw/big_space/zhangmeiwei_space/asr_data/ad/A/A/A300.wav
Dev152 /home/zmw/big_space/zhangmeiwei_space/asr_data/ad/A/B/B10.wav
Dev153 /home/zmw/big_space/zhangmeiwei_space/asr_data/ad/A/A/C596.wav
Dev154 /home/zmw/big_space/zhangmeiwei_space/asr_data/ad/A/B/S335.wav
Dev155 /home/zmw/big_space/zhangmeiwei_space/asr_data/ad/A/B/D112.wav
Dev156 /home/zmw/big_space/zhangmeiwei_space/asr_data/ad/A/C/C638.wav
Dev157 /home/zmw/big_space/zhangmeiwei_space/asr_data/ad/A/A/B197.wav
Dev158 /home/zmw/big_space/zhangmeiwei_space/asr_data/ad/A/A/B655.wav
Dev159 /home/zmw/big_space/zhangmeiwei_space/asr_data/ad/A/B/A54.wav
Dev160 /home/zmw/big_space/zhangmeiwei_space/asr_data/ad/A/C/H225.wav
Dev161 /home/zmw/big_space/zhangmeiwei_space/asr_data/ad/A/B/H90.wav
Dev162 /home/zmw/big_space/zhangmeiwei_space/asr_data/ad/A/B/H97.wav
Dev163 /home/zmw/big_space/zhangmeiwei_space/asr_data/ad/A/A/C205.wav
Dev164 /home/zmw/big_space/zhangmeiwei_space/asr_data/ad/A/B/E248.wav
Dev165 /home/zmw/big_space/zhangmeiwei_space/asr_data/ad/A/C/F308.wav
Dev166 /home/zmw/big_space/zhangmeiwei_space/asr_data/ad/A/B/L172.wav
Dev167 /home/zmw/big_space/zhangmeiwei_space/asr_data/ad/A/B/E28.wav
Dev168 /home/zmw/big_space/zhangmeiwei_space/asr_data/ad/A/C/C721.wav
Dev169 /home/zmw/big_space/zhangmeiwei_space/asr_data/ad/A/B/E373.wav
Dev170 /home/zmw/big_space/zhangmeiwei_space/asr_data/ad/A/C/F647.wav
Dev171 /home/zmw/big_space/zhangmeiwei_space/asr_data/ad/A/B/C162.wav
Dev172 /home/zmw/big_space/zhangmeiwei_space/asr_data/ad/A/C/B114.wav
Dev173 /home/zmw/big_space/zhangmeiwei_space/asr_data/ad/A/A/E211.wav
Dev174 /home/zmw/big_space/zhangmeiwei_space/asr_data/ad/A/A/E469.wav
Dev175 /home/zmw/big_space/zhangmeiwei_space/asr_data/ad/A/A/A744.wav
Dev176 /home/zmw/big_space/zhangmeiwei_space/asr_data/ad/A/B/S505.wav
Dev177 /home/zmw/big_space/zhangmeiwei_space/asr_data/ad/A/B/Q22.wav
Dev178 /home/zmw/big_space/zhangmeiwei_space/asr_data/ad/A/C/D83.wav
Dev179 /home/zmw/big_space/zhangmeiwei_space/asr_data/ad/A/A/C423.wav
Dev180 /home/zmw/big_space/zhangmeiwei_space/asr_data/ad/A/B/A106.wav
Dev181 /home/zmw/big_space/zhangmeiwei_space/asr_data/ad/A/A/A831.wav
Dev182 /home/zmw/big_space/zhangmeiwei_space/asr_data/ad/A/A/E218.wav
Dev183 /home/zmw/big_space/zhangmeiwei_space/asr_data/ad/A/B/Z133.wav
Dev184 /home/zmw/big_space/zhangmeiwei_space/asr_data/ad/A/C/C365.wav
Dev185 /home/zmw/big_space/zhangmeiwei_space/asr_data/ad/A/A/A830.wav
Dev186 /home/zmw/big_space/zhangmeiwei_space/asr_data/ad/A/A/A585.wav
Dev187 /home/zmw/big_space/zhangmeiwei_space/asr_data/ad/A/C/G384.wav
Dev188 /home/zmw/big_space/zhangmeiwei_space/asr_data/ad/A/C/B350.wav
Dev189 /home/zmw/big_space/zhangmeiwei_space/asr_data/ad/A/C/C429.wav
Dev190 /home/zmw/big_space/zhangmeiwei_space/asr_data/ad/A/A/B027.wav
Dev191 /home/zmw/big_space/zhangmeiwei_space/asr_data/ad/A/C/E242.wav
Dev192 /home/zmw/big_space/zhangmeiwei_space/asr_data/ad/A/C/D81.wav
Dev193 /home/zmw/big_space/zhangmeiwei_space/asr_data/ad/A/A/Q398.wav
Dev194 /home/zmw/big_space/zhangmeiwei_space/asr_data/ad/A/C/F644.wav
Dev195 /home/zmw/big_space/zhangmeiwei_space/asr_data/ad/A/A/Q353.wav
Dev196 /home/zmw/big_space/zhangmeiwei_space/asr_data/ad/A/A/B153.wav
Dev197 /home/zmw/big_space/zhangmeiwei_space/asr_data/ad/A/B/D130.wav
Dev198 /home/zmw/big_space/zhangmeiwei_space/asr_data/ad/A/A/A264.wav
Dev199 /home/zmw/big_space/zhangmeiwei_space/asr_data/ad/A/B/G158.wav
Dev200 /home/zmw/big_space/zhangmeiwei_space/asr_data/ad/A/A/Q868.wav
Dev201 /home/zmw/big_space/zhangmeiwei_space/asr_data/ad/A/B/B4.wav
Dev202 /home/zmw/big_space/zhangmeiwei_space/asr_data/ad/A/A/D150.wav
Dev203 /home/zmw/big_space/zhangmeiwei_space/asr_data/ad/A/B/S53.wav
Dev204 /home/zmw/big_space/zhangmeiwei_space/asr_data/ad/A/C/D162.wav
Dev205 /home/zmw/big_space/zhangmeiwei_space/asr_data/ad/A/C/F279.wav
Dev206 /home/zmw/big_space/zhangmeiwei_space/asr_data/ad/A/A/E349.wav
Dev207 /home/zmw/big_space/zhangmeiwei_space/asr_data/ad/A/C/B426.wav
Dev208 /home/zmw/big_space/zhangmeiwei_space/asr_data/ad/A/B/L84.wav
Dev209 /home/zmw/big_space/zhangmeiwei_space/asr_data/ad/A/C/B129.wav
Dev210 /home/zmw/big_space/zhangmeiwei_space/asr_data/ad/A/C/B33.wav
Dev211 /home/zmw/big_space/zhangmeiwei_space/asr_data/ad/A/A/B339.wav
Dev212 /home/zmw/big_space/zhangmeiwei_space/asr_data/ad/A/C/H22.wav
Dev213 /home/zmw/big_space/zhangmeiwei_space/asr_data/ad/A/C/F520.wav
Dev214 /home/zmw/big_space/zhangmeiwei_space/asr_data/ad/A/C/E310.wav
Dev215 /home/zmw/big_space/zhangmeiwei_space/asr_data/ad/A/A/B379.wav
Dev216 /home/zmw/big_space/zhangmeiwei_space/asr_data/ad/A/A/C584.wav
Dev217 /home/zmw/big_space/zhangmeiwei_space/asr_data/ad/A/B/S387.wav
Dev218 /home/zmw/big_space/zhangmeiwei_space/asr_data/ad/A/B/Y30.wav
Dev219 /home/zmw/big_space/zhangmeiwei_space/asr_data/ad/A/A/Q103.wav
Dev220 /home/zmw/big_space/zhangmeiwei_space/asr_data/ad/A/B/G354.wav
Dev221 /home/zmw/big_space/zhangmeiwei_space/asr_data/ad/A/A/Q415.wav
Dev222 /home/zmw/big_space/zhangmeiwei_space/asr_data/ad/A/A/Q480.wav
Dev223 /home/zmw/big_space/zhangmeiwei_space/asr_data/ad/A/B/B200.wav
Dev224 /home/zmw/big_space/zhangmeiwei_space/asr_data/ad/A/B/G298.wav
Dev225 /home/zmw/big_space/zhangmeiwei_space/asr_data/ad/A/A/C289.wav
Dev226 /home/zmw/big_space/zhangmeiwei_space/asr_data/ad/A/A/A186.wav
Dev227 /home/zmw/big_space/zhangmeiwei_space/asr_data/ad/A/B/Z250.wav
Dev228 /home/zmw/big_space/zhangmeiwei_space/asr_data/ad/A/C/A259.wav
Dev229 /home/zmw/big_space/zhangmeiwei_space/asr_data/ad/A/A/B368.wav
Dev230 /home/zmw/big_space/zhangmeiwei_space/asr_data/ad/A/A/C066.wav
Dev231 /home/zmw/big_space/zhangmeiwei_space/asr_data/ad/A/A/E315.wav
Dev232 /home/zmw/big_space/zhangmeiwei_space/asr_data/ad/A/B/D114.wav
Dev233 /home/zmw/big_space/zhangmeiwei_space/asr_data/ad/A/A/C197.wav
Dev234 /home/zmw/big_space/zhangmeiwei_space/asr_data/ad/A/B/A259.wav
Dev235 /home/zmw/big_space/zhangmeiwei_space/asr_data/ad/A/A/C420.wav
Dev236 /home/zmw/big_space/zhangmeiwei_space/asr_data/ad/A/A/E538.wav
Dev237 /home/zmw/big_space/zhangmeiwei_space/asr_data/ad/A/A/A516.wav
Dev238 /home/zmw/big_space/zhangmeiwei_space/asr_data/ad/A/A/A079.wav
Dev239 /home/zmw/big_space/zhangmeiwei_space/asr_data/ad/A/C/C497.wav
Dev240 /home/zmw/big_space/zhangmeiwei_space/asr_data/ad/A/A/Q645.wav
Dev241 /home/zmw/big_space/zhangmeiwei_space/asr_data/ad/A/B/R86.wav
Dev242 /home/zmw/big_space/zhangmeiwei_space/asr_data/ad/A/A/E084.wav
Dev243 /home/zmw/big_space/zhangmeiwei_space/asr_data/ad/A/A/Q285.wav
Dev244 /home/zmw/big_space/zhangmeiwei_space/asr_data/ad/A/B/B575.wav
Dev245 /home/zmw/big_space/zhangmeiwei_space/asr_data/ad/A/B/B166.wav
Dev246 /home/zmw/big_space/zhangmeiwei_space/asr_data/ad/A/A/Q858.wav
Dev247 /home/zmw/big_space/zhangmeiwei_space/asr_data/ad/A/A/Q120.wav
Dev248 /home/zmw/big_space/zhangmeiwei_space/asr_data/ad/A/A/Q881.wav
Dev249 /home/zmw/big_space/zhangmeiwei_space/asr_data/ad/A/A/B373.wav
Dev250 /home/zmw/big_space/zhangmeiwei_space/asr_data/ad/A/B/A251.wav
Dev251 /home/zmw/big_space/zhangmeiwei_space/asr_data/ad/A/C/D375.wav
Dev252 /home/zmw/big_space/zhangmeiwei_space/asr_data/ad/A/A/D640.wav
Dev253 /home/zmw/big_space/zhangmeiwei_space/asr_data/ad/A/A/D191.wav
Dev254 /home/zmw/big_space/zhangmeiwei_space/asr_data/ad/A/B/G37.wav
Dev255 /home/zmw/big_space/zhangmeiwei_space/asr_data/ad/A/A/E494.wav
Dev256 /home/zmw/big_space/zhangmeiwei_space/asr_data/ad/A/C/G305.wav
Dev257 /home/zmw/big_space/zhangmeiwei_space/asr_data/ad/A/C/C684.wav
Dev258 /home/zmw/big_space/zhangmeiwei_space/asr_data/ad/A/A/A318.wav
Dev259 /home/zmw/big_space/zhangmeiwei_space/asr_data/ad/A/B/Y420.wav
Dev260 /home/zmw/big_space/zhangmeiwei_space/asr_data/ad/A/C/F112.wav
Dev261 /home/zmw/big_space/zhangmeiwei_space/asr_data/ad/A/A/A237.wav
Dev262 /home/zmw/big_space/zhangmeiwei_space/asr_data/ad/A/B/D151.wav
Dev263 /home/zmw/big_space/zhangmeiwei_space/asr_data/ad/A/A/C028.wav
Dev264 /home/zmw/big_space/zhangmeiwei_space/asr_data/ad/A/B/S140.wav
Dev265 /home/zmw/big_space/zhangmeiwei_space/asr_data/ad/A/C/F85.wav
Dev266 /home/zmw/big_space/zhangmeiwei_space/asr_data/ad/A/A/C308.wav
Dev267 /home/zmw/big_space/zhangmeiwei_space/asr_data/ad/A/B/Y42.wav
Dev268 /home/zmw/big_space/zhangmeiwei_space/asr_data/ad/A/B/S578.wav
Dev269 /home/zmw/big_space/zhangmeiwei_space/asr_data/ad/A/A/A151.wav
Dev270 /home/zmw/big_space/zhangmeiwei_space/asr_data/ad/A/B/A296.wav
Dev271 /home/zmw/big_space/zhangmeiwei_space/asr_data/ad/A/B/A226.wav
Dev272 /home/zmw/big_space/zhangmeiwei_space/asr_data/ad/A/B/Z279.wav
Dev273 /home/zmw/big_space/zhangmeiwei_space/asr_data/ad/A/C/C571.wav
Dev274 /home/zmw/big_space/zhangmeiwei_space/asr_data/ad/A/A/Q657.wav
Dev275 /home/zmw/big_space/zhangmeiwei_space/asr_data/ad/A/A/A066.wav
Dev276 /home/zmw/big_space/zhangmeiwei_space/asr_data/ad/A/A/Q028.wav
Dev277 /home/zmw/big_space/zhangmeiwei_space/asr_data/ad/A/A/C241.wav
Dev278 /home/zmw/big_space/zhangmeiwei_space/asr_data/ad/A/A/Q734.wav
Dev279 /home/zmw/big_space/zhangmeiwei_space/asr_data/ad/A/C/F663.wav
Dev280 /home/zmw/big_space/zhangmeiwei_space/asr_data/ad/A/B/B658.wav
Dev281 /home/zmw/big_space/zhangmeiwei_space/asr_data/ad/A/C/F455.wav
Dev282 /home/zmw/big_space/zhangmeiwei_space/asr_data/ad/A/A/D299.wav
Dev283 /home/zmw/big_space/zhangmeiwei_space/asr_data/ad/A/B/H70.wav
Dev284 /home/zmw/big_space/zhangmeiwei_space/asr_data/ad/A/A/Q230.wav
Dev285 /home/zmw/big_space/zhangmeiwei_space/asr_data/ad/A/A/Q223.wav
Dev286 /home/zmw/big_space/zhangmeiwei_space/asr_data/ad/A/B/B308.wav
Dev287 /home/zmw/big_space/zhangmeiwei_space/asr_data/ad/A/A/D437.wav
Dev288 /home/zmw/big_space/zhangmeiwei_space/asr_data/ad/A/B/A268.wav
Dev289 /home/zmw/big_space/zhangmeiwei_space/asr_data/ad/A/B/B790.wav
Dev290 /home/zmw/big_space/zhangmeiwei_space/asr_data/ad/A/B/B175.wav
Dev291 /home/zmw/big_space/zhangmeiwei_space/asr_data/ad/A/C/D478.wav
Dev292 /home/zmw/big_space/zhangmeiwei_space/asr_data/ad/A/C/C68.wav
Dev293 /home/zmw/big_space/zhangmeiwei_space/asr_data/ad/A/C/F101.wav
Dev294 /home/zmw/big_space/zhangmeiwei_space/asr_data/ad/A/C/C12.wav
Dev295 /home/zmw/big_space/zhangmeiwei_space/asr_data/ad/A/B/Q75.wav
Dev296 /home/zmw/big_space/zhangmeiwei_space/asr_data/ad/A/A/Q413.wav
Dev297 /home/zmw/big_space/zhangmeiwei_space/asr_data/ad/A/A/D304.wav
Dev298 /home/zmw/big_space/zhangmeiwei_space/asr_data/ad/A/A/Q738.wav
Dev299 /home/zmw/big_space/zhangmeiwei_space/asr_data/ad/A/B/L255.wav
Dev300 /home/zmw/big_space/zhangmeiwei_space/asr_data/ad/A/A/B079.wav
Dev301 /home/zmw/big_space/zhangmeiwei_space/asr_data/ad/A/C/B157.wav
Dev302 /home/zmw/big_space/zhangmeiwei_space/asr_data/ad/A/B/Z95.wav
Dev303 /home/zmw/big_space/zhangmeiwei_space/asr_data/ad/A/B/S596.wav
Dev304 /home/zmw/big_space/zhangmeiwei_space/asr_data/ad/A/B/S49.wav
Dev305 /home/zmw/big_space/zhangmeiwei_space/asr_data/ad/A/C/D61.wav
Dev306 /home/zmw/big_space/zhangmeiwei_space/asr_data/ad/A/A/B672.wav
Dev307 /home/zmw/big_space/zhangmeiwei_space/asr_data/ad/A/B/Z99.wav
Dev308 /home/zmw/big_space/zhangmeiwei_space/asr_data/ad/A/A/Q758.wav
Dev309 /home/zmw/big_space/zhangmeiwei_space/asr_data/ad/A/C/F176.wav
Dev310 /home/zmw/big_space/zhangmeiwei_space/asr_data/ad/A/A/C444.wav
Dev311 /home/zmw/big_space/zhangmeiwei_space/asr_data/ad/A/A/C046.wav
Dev312 /home/zmw/big_space/zhangmeiwei_space/asr_data/ad/A/B/B584.wav
Dev313 /home/zmw/big_space/zhangmeiwei_space/asr_data/ad/A/C/C777.wav
Dev314 /home/zmw/big_space/zhangmeiwei_space/asr_data/ad/A/C/D359.wav
Dev315 /home/zmw/big_space/zhangmeiwei_space/asr_data/ad/A/B/Z300.wav
Dev316 /home/zmw/big_space/zhangmeiwei_space/asr_data/ad/A/A/B133.wav
Dev317 /home/zmw/big_space/zhangmeiwei_space/asr_data/ad/A/C/C48.wav
Dev318 /home/zmw/big_space/zhangmeiwei_space/asr_data/ad/A/B/Z145.wav
Dev319 /home/zmw/big_space/zhangmeiwei_space/asr_data/ad/A/A/B046.wav
Dev320 /home/zmw/big_space/zhangmeiwei_space/asr_data/ad/A/A/C108.wav
Dev321 /home/zmw/big_space/zhangmeiwei_space/asr_data/ad/A/A/D172.wav
Dev322 /home/zmw/big_space/zhangmeiwei_space/asr_data/ad/A/A/A397.wav
Dev323 /home/zmw/big_space/zhangmeiwei_space/asr_data/ad/A/C/A151.wav
Dev324 /home/zmw/big_space/zhangmeiwei_space/asr_data/ad/A/A/D259.wav
Dev325 /home/zmw/big_space/zhangmeiwei_space/asr_data/ad/A/C/H347.wav
Dev326 /home/zmw/big_space/zhangmeiwei_space/asr_data/ad/A/C/D224.wav
Dev327 /home/zmw/big_space/zhangmeiwei_space/asr_data/ad/A/A/A832.wav
Dev328 /home/zmw/big_space/zhangmeiwei_space/asr_data/ad/A/C/F96.wav
Dev329 /home/zmw/big_space/zhangmeiwei_space/asr_data/ad/A/C/C598.wav
Dev330 /home/zmw/big_space/zhangmeiwei_space/asr_data/ad/A/A/Q271.wav
Dev331 /home/zmw/big_space/zhangmeiwei_space/asr_data/ad/A/B/S617.wav
Dev332 /home/zmw/big_space/zhangmeiwei_space/asr_data/ad/A/A/Q812.wav
Dev333 /home/zmw/big_space/zhangmeiwei_space/asr_data/ad/A/A/D657.wav
Dev334 /home/zmw/big_space/zhangmeiwei_space/asr_data/ad/A/C/E226.wav
Dev335 /home/zmw/big_space/zhangmeiwei_space/asr_data/ad/A/B/S523.wav
Dev336 /home/zmw/big_space/zhangmeiwei_space/asr_data/ad/A/A/E570.wav
Dev337 /home/zmw/big_space/zhangmeiwei_space/asr_data/ad/A/A/D165.wav
Dev338 /home/zmw/big_space/zhangmeiwei_space/asr_data/ad/A/A/C556.wav
Dev339 /home/zmw/big_space/zhangmeiwei_space/asr_data/ad/A/C/D75.wav
Dev340 /home/zmw/big_space/zhangmeiwei_space/asr_data/ad/A/B/S370.wav
Dev341 /home/zmw/big_space/zhangmeiwei_space/asr_data/ad/A/C/C54.wav
Dev342 /home/zmw/big_space/zhangmeiwei_space/asr_data/ad/A/B/G317.wav
Dev343 /home/zmw/big_space/zhangmeiwei_space/asr_data/ad/A/A/B021.wav
Dev344 /home/zmw/big_space/zhangmeiwei_space/asr_data/ad/A/B/Z256.wav
Dev345 /home/zmw/big_space/zhangmeiwei_space/asr_data/ad/A/B/H143.wav
Dev346 /home/zmw/big_space/zhangmeiwei_space/asr_data/ad/A/C/B347.wav
Dev347 /home/zmw/big_space/zhangmeiwei_space/asr_data/ad/A/B/S109.wav
Dev348 /home/zmw/big_space/zhangmeiwei_space/asr_data/ad/A/A/B007.wav
Dev349 /home/zmw/big_space/zhangmeiwei_space/asr_data/ad/A/B/B314.wav
Dev350 /home/zmw/big_space/zhangmeiwei_space/asr_data/ad/A/A/Q670.wav
Dev351 /home/zmw/big_space/zhangmeiwei_space/asr_data/ad/A/B/R130.wav
Dev352 /home/zmw/big_space/zhangmeiwei_space/asr_data/ad/A/B/C178.wav
Dev353 /home/zmw/big_space/zhangmeiwei_space/asr_data/ad/A/C/C491.wav
Dev354 /home/zmw/big_space/zhangmeiwei_space/asr_data/ad/A/B/F134.wav
Dev355 /home/zmw/big_space/zhangmeiwei_space/asr_data/ad/A/C/C687.wav
Dev356 /home/zmw/big_space/zhangmeiwei_space/asr_data/ad/A/A/B037.wav
Dev357 /home/zmw/big_space/zhangmeiwei_space/asr_data/ad/A/B/Y342.wav
Dev358 /home/zmw/big_space/zhangmeiwei_space/asr_data/ad/A/C/G70.wav
Dev359 /home/zmw/big_space/zhangmeiwei_space/asr_data/ad/A/B/Y252.wav
Dev360 /home/zmw/big_space/zhangmeiwei_space/asr_data/ad/A/B/C175.wav
Dev361 /home/zmw/big_space/zhangmeiwei_space/asr_data/ad/A/B/B779.wav
Dev362 /home/zmw/big_space/zhangmeiwei_space/asr_data/ad/A/B/E155.wav
Dev363 /home/zmw/big_space/zhangmeiwei_space/asr_data/ad/A/B/S47.wav
Dev364 /home/zmw/big_space/zhangmeiwei_space/asr_data/ad/A/B/B399.wav
Dev365 /home/zmw/big_space/zhangmeiwei_space/asr_data/ad/A/C/G199.wav
Dev366 /home/zmw/big_space/zhangmeiwei_space/asr_data/ad/A/C/E339.wav
Dev367 /home/zmw/big_space/zhangmeiwei_space/asr_data/ad/A/A/A115.wav
Dev368 /home/zmw/big_space/zhangmeiwei_space/asr_data/ad/A/C/C397.wav
Dev369 /home/zmw/big_space/zhangmeiwei_space/asr_data/ad/A/C/D329.wav
Dev370 /home/zmw/big_space/zhangmeiwei_space/asr_data/ad/A/B/S20.wav
Dev371 /home/zmw/big_space/zhangmeiwei_space/asr_data/ad/A/A/B437.wav
Dev372 /home/zmw/big_space/zhangmeiwei_space/asr_data/ad/A/B/Y412.wav
Dev373 /home/zmw/big_space/zhangmeiwei_space/asr_data/ad/A/C/G359.wav
Dev374 /home/zmw/big_space/zhangmeiwei_space/asr_data/ad/A/C/C165.wav
Dev375 /home/zmw/big_space/zhangmeiwei_space/asr_data/ad/A/B/H10.wav
Dev376 /home/zmw/big_space/zhangmeiwei_space/asr_data/ad/A/C/G353.wav
Dev377 /home/zmw/big_space/zhangmeiwei_space/asr_data/ad/A/C/H435.wav
Dev378 /home/zmw/big_space/zhangmeiwei_space/asr_data/ad/A/B/L85.wav
Dev379 /home/zmw/big_space/zhangmeiwei_space/asr_data/ad/A/B/E27.wav
Dev380 /home/zmw/big_space/zhangmeiwei_space/asr_data/ad/A/A/Q178.wav
Dev381 /home/zmw/big_space/zhangmeiwei_space/asr_data/ad/A/B/B111.wav
Dev382 /home/zmw/big_space/zhangmeiwei_space/asr_data/ad/A/C/E125.wav
Dev383 /home/zmw/big_space/zhangmeiwei_space/asr_data/ad/A/A/Q096.wav
Dev384 /home/zmw/big_space/zhangmeiwei_space/asr_data/ad/A/C/B109.wav
Dev385 /home/zmw/big_space/zhangmeiwei_space/asr_data/ad/A/C/C201.wav
Dev386 /home/zmw/big_space/zhangmeiwei_space/asr_data/ad/A/A/A403.wav
Dev387 /home/zmw/big_space/zhangmeiwei_space/asr_data/ad/A/A/B195.wav
Dev388 /home/zmw/big_space/zhangmeiwei_space/asr_data/ad/A/B/F11.wav
Dev389 /home/zmw/big_space/zhangmeiwei_space/asr_data/ad/A/C/D146.wav
Dev390 /home/zmw/big_space/zhangmeiwei_space/asr_data/ad/A/A/C146.wav
Dev391 /home/zmw/big_space/zhangmeiwei_space/asr_data/ad/A/A/D164.wav
Dev392 /home/zmw/big_space/zhangmeiwei_space/asr_data/ad/A/A/E377.wav
Dev393 /home/zmw/big_space/zhangmeiwei_space/asr_data/ad/A/B/L304.wav
Dev394 /home/zmw/big_space/zhangmeiwei_space/asr_data/ad/A/B/R81.wav
Dev395 /home/zmw/big_space/zhangmeiwei_space/asr_data/ad/A/A/A583.wav
Dev396 /home/zmw/big_space/zhangmeiwei_space/asr_data/ad/A/A/A839.wav
Dev397 /home/zmw/big_space/zhangmeiwei_space/asr_data/ad/A/A/A270.wav
Dev398 /home/zmw/big_space/zhangmeiwei_space/asr_data/ad/A/B/B476.wav
Dev399 /home/zmw/big_space/zhangmeiwei_space/asr_data/ad/A/C/F456.wav
Dev400 /home/zmw/big_space/zhangmeiwei_space/asr_data/ad/A/B/H71.wav
Dev401 /home/zmw/big_space/zhangmeiwei_space/asr_data/ad/A/B/R172.wav
Dev402 /home/zmw/big_space/zhangmeiwei_space/asr_data/ad/A/A/Q165.wav
Dev403 /home/zmw/big_space/zhangmeiwei_space/asr_data/ad/A/A/C438.wav
Dev404 /home/zmw/big_space/zhangmeiwei_space/asr_data/ad/A/A/D287.wav
Dev405 /home/zmw/big_space/zhangmeiwei_space/asr_data/ad/A/A/C288.wav
Dev406 /home/zmw/big_space/zhangmeiwei_space/asr_data/ad/A/C/G21.wav
Dev407 /home/zmw/big_space/zhangmeiwei_space/asr_data/ad/A/C/A186.wav
Dev408 /home/zmw/big_space/zhangmeiwei_space/asr_data/ad/A/C/A220.wav
Dev409 /home/zmw/big_space/zhangmeiwei_space/asr_data/ad/A/A/C660.wav
Dev410 /home/zmw/big_space/zhangmeiwei_space/asr_data/ad/A/B/L213.wav
Dev411 /home/zmw/big_space/zhangmeiwei_space/asr_data/ad/A/C/C770.wav
Dev412 /home/zmw/big_space/zhangmeiwei_space/asr_data/ad/A/B/B512.wav
Dev413 /home/zmw/big_space/zhangmeiwei_space/asr_data/ad/A/B/E106.wav
Dev414 /home/zmw/big_space/zhangmeiwei_space/asr_data/ad/A/A/Q520.wav
Dev415 /home/zmw/big_space/zhangmeiwei_space/asr_data/ad/A/A/B666.wav
Dev416 /home/zmw/big_space/zhangmeiwei_space/asr_data/ad/A/A/C196.wav
Dev417 /home/zmw/big_space/zhangmeiwei_space/asr_data/ad/A/B/G219.wav
Dev418 /home/zmw/big_space/zhangmeiwei_space/asr_data/ad/A/B/B188.wav
Dev419 /home/zmw/big_space/zhangmeiwei_space/asr_data/ad/A/A/A382.wav
Dev420 /home/zmw/big_space/zhangmeiwei_space/asr_data/ad/A/C/F208.wav
Dev421 /home/zmw/big_space/zhangmeiwei_space/asr_data/ad/A/C/D598.wav
Dev422 /home/zmw/big_space/zhangmeiwei_space/asr_data/ad/A/B/S72.wav
Dev423 /home/zmw/big_space/zhangmeiwei_space/asr_data/ad/A/A/A640.wav
Dev424 /home/zmw/big_space/zhangmeiwei_space/asr_data/ad/A/B/S598.wav
Dev425 /home/zmw/big_space/zhangmeiwei_space/asr_data/ad/A/C/B270.wav
Dev426 /home/zmw/big_space/zhangmeiwei_space/asr_data/ad/A/C/C633.wav
Dev427 /home/zmw/big_space/zhangmeiwei_space/asr_data/ad/A/C/E114.wav
Dev428 /home/zmw/big_space/zhangmeiwei_space/asr_data/ad/A/C/H272.wav
Dev429 /home/zmw/big_space/zhangmeiwei_space/asr_data/ad/A/A/Q412.wav
Dev430 /home/zmw/big_space/zhangmeiwei_space/asr_data/ad/A/B/Z79.wav
Dev431 /home/zmw/big_space/zhangmeiwei_space/asr_data/ad/A/B/B311.wav
Dev432 /home/zmw/big_space/zhangmeiwei_space/asr_data/ad/A/C/E455.wav
Dev433 /home/zmw/big_space/zhangmeiwei_space/asr_data/ad/A/B/F16.wav
Dev434 /home/zmw/big_space/zhangmeiwei_space/asr_data/ad/A/C/C36.wav
Dev435 /home/zmw/big_space/zhangmeiwei_space/asr_data/ad/A/C/D557.wav
Dev436 /home/zmw/big_space/zhangmeiwei_space/asr_data/ad/A/B/S292.wav
Dev437 /home/zmw/big_space/zhangmeiwei_space/asr_data/ad/A/C/A27.wav
Dev438 /home/zmw/big_space/zhangmeiwei_space/asr_data/ad/A/A/A460.wav
Dev439 /home/zmw/big_space/zhangmeiwei_space/asr_data/ad/A/A/A801.wav
Dev440 /home/zmw/big_space/zhangmeiwei_space/asr_data/ad/A/C/C668.wav
Dev441 /home/zmw/big_space/zhangmeiwei_space/asr_data/ad/A/B/Y66.wav
Dev442 /home/zmw/big_space/zhangmeiwei_space/asr_data/ad/A/A/B085.wav
Dev443 /home/zmw/big_space/zhangmeiwei_space/asr_data/ad/A/B/S301.wav
Dev444 /home/zmw/big_space/zhangmeiwei_space/asr_data/ad/A/B/L41.wav
Dev445 /home/zmw/big_space/zhangmeiwei_space/asr_data/ad/A/A/B132.wav
Dev446 /home/zmw/big_space/zhangmeiwei_space/asr_data/ad/A/C/E46.wav
Dev447 /home/zmw/big_space/zhangmeiwei_space/asr_data/ad/A/B/B352.wav
Dev448 /home/zmw/big_space/zhangmeiwei_space/asr_data/ad/A/C/E127.wav
Dev449 /home/zmw/big_space/zhangmeiwei_space/asr_data/ad/A/B/Z311.wav
Dev450 /home/zmw/big_space/zhangmeiwei_space/asr_data/ad/A/B/S562.wav
Dev451 /home/zmw/big_space/zhangmeiwei_space/asr_data/ad/A/C/G297.wav
Dev452 /home/zmw/big_space/zhangmeiwei_space/asr_data/ad/A/C/G339.wav
Dev453 /home/zmw/big_space/zhangmeiwei_space/asr_data/ad/A/A/Q865.wav
Dev454 /home/zmw/big_space/zhangmeiwei_space/asr_data/ad/A/B/E48.wav
Dev455 /home/zmw/big_space/zhangmeiwei_space/asr_data/ad/A/C/G320.wav
Dev456 /home/zmw/big_space/zhangmeiwei_space/asr_data/ad/A/C/F349.wav
Dev457 /home/zmw/big_space/zhangmeiwei_space/asr_data/ad/A/C/F325.wav
Dev458 /home/zmw/big_space/zhangmeiwei_space/asr_data/ad/A/B/H44.wav
Dev459 /home/zmw/big_space/zhangmeiwei_space/asr_data/ad/A/C/F430.wav
Dev460 /home/zmw/big_space/zhangmeiwei_space/asr_data/ad/A/B/E17.wav
Dev461 /home/zmw/big_space/zhangmeiwei_space/asr_data/ad/A/A/B660.wav
Dev462 /home/zmw/big_space/zhangmeiwei_space/asr_data/ad/A/B/A149.wav
Dev463 /home/zmw/big_space/zhangmeiwei_space/asr_data/ad/A/C/H318.wav
Dev464 /home/zmw/big_space/zhangmeiwei_space/asr_data/ad/A/A/D103.wav
Dev465 /home/zmw/big_space/zhangmeiwei_space/asr_data/ad/A/A/B394.wav
Dev466 /home/zmw/big_space/zhangmeiwei_space/asr_data/ad/A/A/A007.wav
Dev467 /home/zmw/big_space/zhangmeiwei_space/asr_data/ad/A/B/Z112.wav
Dev468 /home/zmw/big_space/zhangmeiwei_space/asr_data/ad/A/B/H67.wav
Dev469 /home/zmw/big_space/zhangmeiwei_space/asr_data/ad/A/B/F8.wav
Dev470 /home/zmw/big_space/zhangmeiwei_space/asr_data/ad/A/A/D170.wav
Dev471 /home/zmw/big_space/zhangmeiwei_space/asr_data/ad/A/A/C049.wav
Dev472 /home/zmw/big_space/zhangmeiwei_space/asr_data/ad/A/A/Q349.wav
Dev473 /home/zmw/big_space/zhangmeiwei_space/asr_data/ad/A/C/D545.wav
Dev474 /home/zmw/big_space/zhangmeiwei_space/asr_data/ad/A/B/A104.wav
Dev475 /home/zmw/big_space/zhangmeiwei_space/asr_data/ad/A/A/Q011.wav
Dev476 /home/zmw/big_space/zhangmeiwei_space/asr_data/ad/A/A/A472.wav
Dev477 /home/zmw/big_space/zhangmeiwei_space/asr_data/ad/A/C/B19.wav
Dev478 /home/zmw/big_space/zhangmeiwei_space/asr_data/ad/A/B/A275.wav
Dev479 /home/zmw/big_space/zhangmeiwei_space/asr_data/ad/A/C/C575.wav
Dev480 /home/zmw/big_space/zhangmeiwei_space/asr_data/ad/A/A/A611.wav
Dev481 /home/zmw/big_space/zhangmeiwei_space/asr_data/ad/A/B/L320.wav
Dev482 /home/zmw/big_space/zhangmeiwei_space/asr_data/ad/A/A/Q667.wav
Dev483 /home/zmw/big_space/zhangmeiwei_space/asr_data/ad/A/A/D344.wav
Dev484 /home/zmw/big_space/zhangmeiwei_space/asr_data/ad/A/C/A141.wav
Dev485 /home/zmw/big_space/zhangmeiwei_space/asr_data/ad/A/B/B28.wav
Dev486 /home/zmw/big_space/zhangmeiwei_space/asr_data/ad/A/A/A665.wav
Dev487 /home/zmw/big_space/zhangmeiwei_space/asr_data/ad/A/B/D197.wav
Dev488 /home/zmw/big_space/zhangmeiwei_space/asr_data/ad/A/B/L44.wav
Dev489 /home/zmw/big_space/zhangmeiwei_space/asr_data/ad/A/A/A353.wav
Dev490 /home/zmw/big_space/zhangmeiwei_space/asr_data/ad/A/B/S670.wav
Dev491 /home/zmw/big_space/zhangmeiwei_space/asr_data/ad/A/A/B700.wav
Dev492 /home/zmw/big_space/zhangmeiwei_space/asr_data/ad/A/B/D180.wav
Dev493 /home/zmw/big_space/zhangmeiwei_space/asr_data/ad/A/C/D10.wav
Dev494 /home/zmw/big_space/zhangmeiwei_space/asr_data/ad/A/A/A041.wav
Dev495 /home/zmw/big_space/zhangmeiwei_space/asr_data/ad/A/A/D132.wav
Dev496 /home/zmw/big_space/zhangmeiwei_space/asr_data/ad/A/C/F303.wav
Dev497 /home/zmw/big_space/zhangmeiwei_space/asr_data/ad/A/C/C428.wav
Dev498 /home/zmw/big_space/zhangmeiwei_space/asr_data/ad/A/A/A677.wav
Dev499 /home/zmw/big_space/zhangmeiwei_space/asr_data/ad/A/C/D307.wav
Dev500 /home/zmw/big_space/zhangmeiwei_space/asr_data/ad/A/C/H401.wav
Dev501 /home/zmw/big_space/zhangmeiwei_space/asr_data/ad/A/A/Q111.wav
Dev502 /home/zmw/big_space/zhangmeiwei_space/asr_data/ad/A/A/E572.wav
Dev503 /home/zmw/big_space/zhangmeiwei_space/asr_data/ad/A/A/A256.wav
Dev504 /home/zmw/big_space/zhangmeiwei_space/asr_data/ad/A/B/F47.wav
Dev505 /home/zmw/big_space/zhangmeiwei_space/asr_data/ad/A/A/D685.wav
Dev506 /home/zmw/big_space/zhangmeiwei_space/asr_data/ad/A/B/G106.wav
Dev507 /home/zmw/big_space/zhangmeiwei_space/asr_data/ad/A/B/H150.wav
Dev508 /home/zmw/big_space/zhangmeiwei_space/asr_data/ad/A/A/A116.wav
Dev509 /home/zmw/big_space/zhangmeiwei_space/asr_data/ad/A/C/H212.wav
Dev510 /home/zmw/big_space/zhangmeiwei_space/asr_data/ad/A/B/B55.wav
Dev511 /home/zmw/big_space/zhangmeiwei_space/asr_data/ad/A/A/Q407.wav
Dev512 /home/zmw/big_space/zhangmeiwei_space/asr_data/ad/A/B/Y3.wav
Dev513 /home/zmw/big_space/zhangmeiwei_space/asr_data/ad/A/B/C44.wav
Dev514 /home/zmw/big_space/zhangmeiwei_space/asr_data/ad/A/A/C425.wav
Dev515 /home/zmw/big_space/zhangmeiwei_space/asr_data/ad/A/A/D373.wav
Dev516 /home/zmw/big_space/zhangmeiwei_space/asr_data/ad/A/A/C126.wav
Dev517 /home/zmw/big_space/zhangmeiwei_space/asr_data/ad/A/B/S568.wav
Dev518 /home/zmw/big_space/zhangmeiwei_space/asr_data/ad/A/B/S599.wav
Dev519 /home/zmw/big_space/zhangmeiwei_space/asr_data/ad/A/C/C727.wav
Dev520 /home/zmw/big_space/zhangmeiwei_space/asr_data/ad/A/B/A241.wav
Dev521 /home/zmw/big_space/zhangmeiwei_space/asr_data/ad/A/C/E243.wav
Dev522 /home/zmw/big_space/zhangmeiwei_space/asr_data/ad/A/B/B71.wav
Dev523 /home/zmw/big_space/zhangmeiwei_space/asr_data/ad/A/B/G102.wav
Dev524 /home/zmw/big_space/zhangmeiwei_space/asr_data/ad/A/B/G66.wav
Dev525 /home/zmw/big_space/zhangmeiwei_space/asr_data/ad/A/B/B98.wav
Dev526 /home/zmw/big_space/zhangmeiwei_space/asr_data/ad/A/A/Q913.wav
Dev527 /home/zmw/big_space/zhangmeiwei_space/asr_data/ad/A/B/B162.wav
Dev528 /home/zmw/big_space/zhangmeiwei_space/asr_data/ad/A/B/G188.wav
Dev529 /home/zmw/big_space/zhangmeiwei_space/asr_data/ad/A/C/B375.wav
Dev530 /home/zmw/big_space/zhangmeiwei_space/asr_data/ad/A/C/C596.wav
Dev531 /home/zmw/big_space/zhangmeiwei_space/asr_data/ad/A/B/G79.wav
Dev532 /home/zmw/big_space/zhangmeiwei_space/asr_data/ad/A/A/Q825.wav
Dev533 /home/zmw/big_space/zhangmeiwei_space/asr_data/ad/A/A/Q517.wav
Dev534 /home/zmw/big_space/zhangmeiwei_space/asr_data/ad/A/A/A275.wav
Dev535 /home/zmw/big_space/zhangmeiwei_space/asr_data/ad/A/C/D403.wav
Dev536 /home/zmw/big_space/zhangmeiwei_space/asr_data/ad/A/A/Q330.wav
Dev537 /home/zmw/big_space/zhangmeiwei_space/asr_data/ad/A/B/G349.wav
Dev538 /home/zmw/big_space/zhangmeiwei_space/asr_data/ad/A/C/C282.wav
Dev539 /home/zmw/big_space/zhangmeiwei_space/asr_data/ad/A/C/F79.wav
Dev540 /home/zmw/big_space/zhangmeiwei_space/asr_data/ad/A/A/A243.wav
Dev541 /home/zmw/big_space/zhangmeiwei_space/asr_data/ad/A/A/D367.wav
Dev542 /home/zmw/big_space/zhangmeiwei_space/asr_data/ad/A/A/C115.wav
Dev543 /home/zmw/big_space/zhangmeiwei_space/asr_data/ad/A/C/F589.wav
Dev544 /home/zmw/big_space/zhangmeiwei_space/asr_data/ad/A/B/F163.wav
Dev545 /home/zmw/big_space/zhangmeiwei_space/asr_data/ad/A/C/E195.wav
Dev546 /home/zmw/big_space/zhangmeiwei_space/asr_data/ad/A/B/B15.wav
Dev547 /home/zmw/big_space/zhangmeiwei_space/asr_data/ad/A/B/G226.wav
Dev548 /home/zmw/big_space/zhangmeiwei_space/asr_data/ad/A/B/B730.wav
Dev549 /home/zmw/big_space/zhangmeiwei_space/asr_data/ad/A/A/A438.wav
Dev550 /home/zmw/big_space/zhangmeiwei_space/asr_data/ad/A/C/C212.wav
Dev551 /home/zmw/big_space/zhangmeiwei_space/asr_data/ad/A/C/C577.wav
Dev552 /home/zmw/big_space/zhangmeiwei_space/asr_data/ad/A/B/A176.wav
Dev553 /home/zmw/big_space/zhangmeiwei_space/asr_data/ad/A/C/G165.wav
Dev554 /home/zmw/big_space/zhangmeiwei_space/asr_data/ad/A/C/B373.wav
Dev555 /home/zmw/big_space/zhangmeiwei_space/asr_data/ad/A/B/Z159.wav
Dev556 /home/zmw/big_space/zhangmeiwei_space/asr_data/ad/A/C/C10.wav
Dev557 /home/zmw/big_space/zhangmeiwei_space/asr_data/ad/A/B/B517.wav
Dev558 /home/zmw/big_space/zhangmeiwei_space/asr_data/ad/A/C/E379.wav
Dev559 /home/zmw/big_space/zhangmeiwei_space/asr_data/ad/A/B/R250.wav
Dev560 /home/zmw/big_space/zhangmeiwei_space/asr_data/ad/A/B/G164.wav
Dev561 /home/zmw/big_space/zhangmeiwei_space/asr_data/ad/A/A/Q922.wav
Dev562 /home/zmw/big_space/zhangmeiwei_space/asr_data/ad/A/A/C639.wav
Dev563 /home/zmw/big_space/zhangmeiwei_space/asr_data/ad/A/A/Q084.wav
Dev564 /home/zmw/big_space/zhangmeiwei_space/asr_data/ad/A/B/B727.wav
Dev565 /home/zmw/big_space/zhangmeiwei_space/asr_data/ad/A/C/A125.wav
Dev566 /home/zmw/big_space/zhangmeiwei_space/asr_data/ad/A/C/H362.wav
Dev567 /home/zmw/big_space/zhangmeiwei_space/asr_data/ad/A/B/Z298.wav
Dev568 /home/zmw/big_space/zhangmeiwei_space/asr_data/ad/A/A/B642.wav
Dev569 /home/zmw/big_space/zhangmeiwei_space/asr_data/ad/A/B/C41.wav
Dev570 /home/zmw/big_space/zhangmeiwei_space/asr_data/ad/A/C/H1.wav
Dev571 /home/zmw/big_space/zhangmeiwei_space/asr_data/ad/A/A/A562.wav
Dev572 /home/zmw/big_space/zhangmeiwei_space/asr_data/ad/A/C/B126.wav
Dev573 /home/zmw/big_space/zhangmeiwei_space/asr_data/ad/A/C/H85.wav
Dev574 /home/zmw/big_space/zhangmeiwei_space/asr_data/ad/A/C/D306.wav
Dev575 /home/zmw/big_space/zhangmeiwei_space/asr_data/ad/A/A/Q584.wav
Dev576 /home/zmw/big_space/zhangmeiwei_space/asr_data/ad/A/A/A021.wav
Dev577 /home/zmw/big_space/zhangmeiwei_space/asr_data/ad/A/B/F144.wav
Dev578 /home/zmw/big_space/zhangmeiwei_space/asr_data/ad/A/B/F18.wav
Dev579 /home/zmw/big_space/zhangmeiwei_space/asr_data/ad/A/B/C150.wav
Dev580 /home/zmw/big_space/zhangmeiwei_space/asr_data/ad/A/C/E3.wav
Dev581 /home/zmw/big_space/zhangmeiwei_space/asr_data/ad/A/B/B675.wav
Dev582 /home/zmw/big_space/zhangmeiwei_space/asr_data/ad/A/C/C597.wav
Dev583 /home/zmw/big_space/zhangmeiwei_space/asr_data/ad/A/C/A149.wav
Dev584 /home/zmw/big_space/zhangmeiwei_space/asr_data/ad/A/C/D14.wav
Dev585 /home/zmw/big_space/zhangmeiwei_space/asr_data/ad/A/B/B79.wav
Dev586 /home/zmw/big_space/zhangmeiwei_space/asr_data/ad/A/B/F143.wav
Dev587 /home/zmw/big_space/zhangmeiwei_space/asr_data/ad/A/C/D28.wav
Dev588 /home/zmw/big_space/zhangmeiwei_space/asr_data/ad/A/A/E280.wav
Dev589 /home/zmw/big_space/zhangmeiwei_space/asr_data/ad/A/C/G178.wav
Dev590 /home/zmw/big_space/zhangmeiwei_space/asr_data/ad/A/B/G295.wav
Dev591 /home/zmw/big_space/zhangmeiwei_space/asr_data/ad/A/A/Q311.wav
Dev592 /home/zmw/big_space/zhangmeiwei_space/asr_data/ad/A/C/C834.wav
Dev593 /home/zmw/big_space/zhangmeiwei_space/asr_data/ad/A/A/D598.wav
Dev594 /home/zmw/big_space/zhangmeiwei_space/asr_data/ad/A/B/G242.wav
Dev595 /home/zmw/big_space/zhangmeiwei_space/asr_data/ad/A/A/E450.wav
Dev596 /home/zmw/big_space/zhangmeiwei_space/asr_data/ad/A/C/G114.wav
Dev597 /home/zmw/big_space/zhangmeiwei_space/asr_data/ad/A/A/D112.wav
Dev598 /home/zmw/big_space/zhangmeiwei_space/asr_data/ad/A/B/S446.wav
Dev599 /home/zmw/big_space/zhangmeiwei_space/asr_data/ad/A/C/B14.wav
Dev600 /home/zmw/big_space/zhangmeiwei_space/asr_data/ad/A/C/G274.wav
Dev601 /home/zmw/big_space/zhangmeiwei_space/asr_data/ad/A/B/E99.wav
Dev602 /home/zmw/big_space/zhangmeiwei_space/asr_data/ad/A/B/G186.wav
Dev603 /home/zmw/big_space/zhangmeiwei_space/asr_data/ad/A/C/F546.wav
Dev604 /home/zmw/big_space/zhangmeiwei_space/asr_data/ad/A/C/F159.wav
Dev605 /home/zmw/big_space/zhangmeiwei_space/asr_data/ad/A/B/A36.wav
Dev606 /home/zmw/big_space/zhangmeiwei_space/asr_data/ad/A/A/Q730.wav
Dev607 /home/zmw/big_space/zhangmeiwei_space/asr_data/ad/A/B/R68.wav
Dev608 /home/zmw/big_space/zhangmeiwei_space/asr_data/ad/A/C/E408.wav
Dev609 /home/zmw/big_space/zhangmeiwei_space/asr_data/ad/A/B/Z334.wav
Dev610 /home/zmw/big_space/zhangmeiwei_space/asr_data/ad/A/B/L60.wav
Dev611 /home/zmw/big_space/zhangmeiwei_space/asr_data/ad/A/A/A479.wav
Dev612 /home/zmw/big_space/zhangmeiwei_space/asr_data/ad/A/C/F648.wav
Dev613 /home/zmw/big_space/zhangmeiwei_space/asr_data/ad/A/C/F556.wav
Dev614 /home/zmw/big_space/zhangmeiwei_space/asr_data/ad/A/A/B499.wav
Dev615 /home/zmw/big_space/zhangmeiwei_space/asr_data/ad/A/A/D298.wav
Dev616 /home/zmw/big_space/zhangmeiwei_space/asr_data/ad/A/C/H144.wav
Dev617 /home/zmw/big_space/zhangmeiwei_space/asr_data/ad/A/B/E307.wav
Dev618 /home/zmw/big_space/zhangmeiwei_space/asr_data/ad/A/B/Y318.wav
Dev619 /home/zmw/big_space/zhangmeiwei_space/asr_data/ad/A/A/A619.wav
Dev620 /home/zmw/big_space/zhangmeiwei_space/asr_data/ad/A/C/F565.wav
Dev621 /home/zmw/big_space/zhangmeiwei_space/asr_data/ad/A/A/A825.wav
Dev622 /home/zmw/big_space/zhangmeiwei_space/asr_data/ad/A/A/B464.wav
Dev623 /home/zmw/big_space/zhangmeiwei_space/asr_data/ad/A/A/D338.wav
Dev624 /home/zmw/big_space/zhangmeiwei_space/asr_data/ad/A/C/E256.wav
Dev625 /home/zmw/big_space/zhangmeiwei_space/asr_data/ad/A/B/B769.wav
Dev626 /home/zmw/big_space/zhangmeiwei_space/asr_data/ad/A/B/A50.wav
Dev627 /home/zmw/big_space/zhangmeiwei_space/asr_data/ad/A/B/Y213.wav
Dev628 /home/zmw/big_space/zhangmeiwei_space/asr_data/ad/A/C/H123.wav
Dev629 /home/zmw/big_space/zhangmeiwei_space/asr_data/ad/A/A/C663.wav
Dev630 /home/zmw/big_space/zhangmeiwei_space/asr_data/ad/A/B/L162.wav
Dev631 /home/zmw/big_space/zhangmeiwei_space/asr_data/ad/A/B/S230.wav
Dev632 /home/zmw/big_space/zhangmeiwei_space/asr_data/ad/A/C/B89.wav
Dev633 /home/zmw/big_space/zhangmeiwei_space/asr_data/ad/A/B/B353.wav
Dev634 /home/zmw/big_space/zhangmeiwei_space/asr_data/ad/A/B/S401.wav
Dev635 /home/zmw/big_space/zhangmeiwei_space/asr_data/ad/A/A/D324.wav
Dev636 /home/zmw/big_space/zhangmeiwei_space/asr_data/ad/A/C/D227.wav
Dev637 /home/zmw/big_space/zhangmeiwei_space/asr_data/ad/A/C/C175.wav
Dev638 /home/zmw/big_space/zhangmeiwei_space/asr_data/ad/A/A/Q579.wav
Dev639 /home/zmw/big_space/zhangmeiwei_space/asr_data/ad/A/C/G350.wav
Dev640 /home/zmw/big_space/zhangmeiwei_space/asr_data/ad/A/C/B251.wav
Dev641 /home/zmw/big_space/zhangmeiwei_space/asr_data/ad/A/C/C526.wav
Dev642 /home/zmw/big_space/zhangmeiwei_space/asr_data/ad/A/A/Q785.wav
Dev643 /home/zmw/big_space/zhangmeiwei_space/asr_data/ad/A/B/G328.wav
Dev644 /home/zmw/big_space/zhangmeiwei_space/asr_data/ad/A/C/B184.wav
Dev645 /home/zmw/big_space/zhangmeiwei_space/asr_data/ad/A/C/C403.wav
Dev646 /home/zmw/big_space/zhangmeiwei_space/asr_data/ad/A/B/H107.wav
Dev647 /home/zmw/big_space/zhangmeiwei_space/asr_data/ad/A/B/C91.wav
Dev648 /home/zmw/big_space/zhangmeiwei_space/asr_data/ad/A/B/H8.wav
Dev649 /home/zmw/big_space/zhangmeiwei_space/asr_data/ad/A/C/B174.wav
Dev650 /home/zmw/big_space/zhangmeiwei_space/asr_data/ad/A/C/A233.wav
Dev651 /home/zmw/big_space/zhangmeiwei_space/asr_data/ad/A/A/C162.wav
Dev652 /home/zmw/big_space/zhangmeiwei_space/asr_data/ad/A/A/Q015.wav
Dev653 /home/zmw/big_space/zhangmeiwei_space/asr_data/ad/A/B/Z231.wav
Dev654 /home/zmw/big_space/zhangmeiwei_space/asr_data/ad/A/B/S5.wav
Dev655 /home/zmw/big_space/zhangmeiwei_space/asr_data/ad/A/A/Q585.wav
Dev656 /home/zmw/big_space/zhangmeiwei_space/asr_data/ad/A/A/Q653.wav
Dev657 /home/zmw/big_space/zhangmeiwei_space/asr_data/ad/A/B/S376.wav
Dev658 /home/zmw/big_space/zhangmeiwei_space/asr_data/ad/A/C/A143.wav
Dev659 /home/zmw/big_space/zhangmeiwei_space/asr_data/ad/A/C/G136.wav
Dev660 /home/zmw/big_space/zhangmeiwei_space/asr_data/ad/A/C/C274.wav
Dev661 /home/zmw/big_space/zhangmeiwei_space/asr_data/ad/A/C/D246.wav
Dev662 /home/zmw/big_space/zhangmeiwei_space/asr_data/ad/A/B/B241.wav
Dev663 /home/zmw/big_space/zhangmeiwei_space/asr_data/ad/A/A/A475.wav
Dev664 /home/zmw/big_space/zhangmeiwei_space/asr_data/ad/A/C/C802.wav
Dev665 /home/zmw/big_space/zhangmeiwei_space/asr_data/ad/A/A/A344.wav
Dev666 /home/zmw/big_space/zhangmeiwei_space/asr_data/ad/A/B/R31.wav
Dev667 /home/zmw/big_space/zhangmeiwei_space/asr_data/ad/A/C/F243.wav
Dev668 /home/zmw/big_space/zhangmeiwei_space/asr_data/ad/A/A/C307.wav
Dev669 /home/zmw/big_space/zhangmeiwei_space/asr_data/ad/A/A/D045.wav
Dev670 /home/zmw/big_space/zhangmeiwei_space/asr_data/ad/A/B/F153.wav
Dev671 /home/zmw/big_space/zhangmeiwei_space/asr_data/ad/A/A/E353.wav
Dev672 /home/zmw/big_space/zhangmeiwei_space/asr_data/ad/A/C/D584.wav
Dev673 /home/zmw/big_space/zhangmeiwei_space/asr_data/ad/A/A/B451.wav
Dev674 /home/zmw/big_space/zhangmeiwei_space/asr_data/ad/A/B/B773.wav
Dev675 /home/zmw/big_space/zhangmeiwei_space/asr_data/ad/A/A/Q672.wav
Dev676 /home/zmw/big_space/zhangmeiwei_space/asr_data/ad/A/A/A581.wav
Dev677 /home/zmw/big_space/zhangmeiwei_space/asr_data/ad/A/B/B537.wav
Dev678 /home/zmw/big_space/zhangmeiwei_space/asr_data/ad/A/A/B601.wav
Dev679 /home/zmw/big_space/zhangmeiwei_space/asr_data/ad/A/A/A571.wav
Dev680 /home/zmw/big_space/zhangmeiwei_space/asr_data/ad/A/B/E213.wav
Dev681 /home/zmw/big_space/zhangmeiwei_space/asr_data/ad/A/C/F672.wav
Dev682 /home/zmw/big_space/zhangmeiwei_space/asr_data/ad/A/B/A5.wav
Dev683 /home/zmw/big_space/zhangmeiwei_space/asr_data/ad/A/C/H155.wav
Dev684 /home/zmw/big_space/zhangmeiwei_space/asr_data/ad/A/A/B723.wav
Dev685 /home/zmw/big_space/zhangmeiwei_space/asr_data/ad/A/B/S74.wav
Dev686 /home/zmw/big_space/zhangmeiwei_space/asr_data/ad/A/C/C387.wav
Dev687 /home/zmw/big_space/zhangmeiwei_space/asr_data/ad/A/A/C578.wav
Dev688 /home/zmw/big_space/zhangmeiwei_space/asr_data/ad/A/B/A311.wav
Dev689 /home/zmw/big_space/zhangmeiwei_space/asr_data/ad/A/A/D402.wav
Dev690 /home/zmw/big_space/zhangmeiwei_space/asr_data/ad/A/C/D82.wav
Dev691 /home/zmw/big_space/zhangmeiwei_space/asr_data/ad/A/A/B239.wav
Dev692 /home/zmw/big_space/zhangmeiwei_space/asr_data/ad/A/A/E233.wav
Dev693 /home/zmw/big_space/zhangmeiwei_space/asr_data/ad/A/B/H157.wav
Dev694 /home/zmw/big_space/zhangmeiwei_space/asr_data/ad/A/C/D371.wav
Dev695 /home/zmw/big_space/zhangmeiwei_space/asr_data/ad/A/A/C104.wav
Dev696 /home/zmw/big_space/zhangmeiwei_space/asr_data/ad/A/B/L62.wav
Dev697 /home/zmw/big_space/zhangmeiwei_space/asr_data/ad/A/C/A160.wav
Dev698 /home/zmw/big_space/zhangmeiwei_space/asr_data/ad/A/B/Y32.wav
Dev699 /home/zmw/big_space/zhangmeiwei_space/asr_data/ad/A/A/C269.wav
Dev700 /home/zmw/big_space/zhangmeiwei_space/asr_data/ad/A/A/A620.wav
Dev701 /home/zmw/big_space/zhangmeiwei_space/asr_data/ad/A/B/S290.wav
Dev702 /home/zmw/big_space/zhangmeiwei_space/asr_data/ad/A/B/S475.wav
Dev703 /home/zmw/big_space/zhangmeiwei_space/asr_data/ad/A/A/Q616.wav
Dev704 /home/zmw/big_space/zhangmeiwei_space/asr_data/ad/A/A/D114.wav
Dev705 /home/zmw/big_space/zhangmeiwei_space/asr_data/ad/A/A/C504.wav
Dev706 /home/zmw/big_space/zhangmeiwei_space/asr_data/ad/A/A/Q870.wav
Dev707 /home/zmw/big_space/zhangmeiwei_space/asr_data/ad/A/C/C442.wav
Dev708 /home/zmw/big_space/zhangmeiwei_space/asr_data/ad/A/A/D644.wav
Dev709 /home/zmw/big_space/zhangmeiwei_space/asr_data/ad/A/A/Q059.wav
Dev710 /home/zmw/big_space/zhangmeiwei_space/asr_data/ad/A/C/F639.wav
Dev711 /home/zmw/big_space/zhangmeiwei_space/asr_data/ad/A/B/Z224.wav
Dev712 /home/zmw/big_space/zhangmeiwei_space/asr_data/ad/A/C/A273.wav
Dev713 /home/zmw/big_space/zhangmeiwei_space/asr_data/ad/A/C/F34.wav
Dev714 /home/zmw/big_space/zhangmeiwei_space/asr_data/ad/A/B/S448.wav
Dev715 /home/zmw/big_space/zhangmeiwei_space/asr_data/ad/A/C/E2.wav
Dev716 /home/zmw/big_space/zhangmeiwei_space/asr_data/ad/A/C/C359.wav
Dev717 /home/zmw/big_space/zhangmeiwei_space/asr_data/ad/A/C/B465.wav
Dev718 /home/zmw/big_space/zhangmeiwei_space/asr_data/ad/A/C/C92.wav
Dev719 /home/zmw/big_space/zhangmeiwei_space/asr_data/ad/A/A/C635.wav
Dev720 /home/zmw/big_space/zhangmeiwei_space/asr_data/ad/A/C/G400.wav
Dev721 /home/zmw/big_space/zhangmeiwei_space/asr_data/ad/A/B/L40.wav
Dev722 /home/zmw/big_space/zhangmeiwei_space/asr_data/ad/A/A/D671.wav
Dev723 /home/zmw/big_space/zhangmeiwei_space/asr_data/ad/A/B/Q18.wav
Dev724 /home/zmw/big_space/zhangmeiwei_space/asr_data/ad/A/A/A762.wav
Dev725 /home/zmw/big_space/zhangmeiwei_space/asr_data/ad/A/B/C88.wav
Dev726 /home/zmw/big_space/zhangmeiwei_space/asr_data/ad/A/A/D651.wav
Dev727 /home/zmw/big_space/zhangmeiwei_space/asr_data/ad/A/C/D309.wav
Dev728 /home/zmw/big_space/zhangmeiwei_space/asr_data/ad/A/C/E481.wav
Dev729 /home/zmw/big_space/zhangmeiwei_space/asr_data/ad/A/C/G374.wav
Dev730 /home/zmw/big_space/zhangmeiwei_space/asr_data/ad/A/C/E147.wav
Dev731 /home/zmw/big_space/zhangmeiwei_space/asr_data/ad/A/A/C237.wav
Dev732 /home/zmw/big_space/zhangmeiwei_space/asr_data/ad/A/C/A53.wav
Dev733 /home/zmw/big_space/zhangmeiwei_space/asr_data/ad/A/A/A572.wav
Dev734 /home/zmw/big_space/zhangmeiwei_space/asr_data/ad/A/B/B618.wav
Dev735 /home/zmw/big_space/zhangmeiwei_space/asr_data/ad/A/B/S408.wav
Dev736 /home/zmw/big_space/zhangmeiwei_space/asr_data/ad/A/B/A118.wav
Dev737 /home/zmw/big_space/zhangmeiwei_space/asr_data/ad/A/A/A859.wav
Dev738 /home/zmw/big_space/zhangmeiwei_space/asr_data/ad/A/B/B382.wav
Dev739 /home/zmw/big_space/zhangmeiwei_space/asr_data/ad/A/A/Q918.wav
Dev740 /home/zmw/big_space/zhangmeiwei_space/asr_data/ad/A/A/B397.wav
Dev741 /home/zmw/big_space/zhangmeiwei_space/asr_data/ad/A/A/D375.wav
Dev742 /home/zmw/big_space/zhangmeiwei_space/asr_data/ad/A/A/C079.wav
Dev743 /home/zmw/big_space/zhangmeiwei_space/asr_data/ad/A/C/E204.wav
Dev744 /home/zmw/big_space/zhangmeiwei_space/asr_data/ad/A/B/B783.wav
Dev745 /home/zmw/big_space/zhangmeiwei_space/asr_data/ad/A/B/G8.wav
Dev746 /home/zmw/big_space/zhangmeiwei_space/asr_data/ad/A/A/E544.wav
Dev747 /home/zmw/big_space/zhangmeiwei_space/asr_data/ad/A/B/S12.wav
Dev748 /home/zmw/big_space/zhangmeiwei_space/asr_data/ad/A/A/A209.wav
Dev749 /home/zmw/big_space/zhangmeiwei_space/asr_data/ad/A/A/Q692.wav
Dev750 /home/zmw/big_space/zhangmeiwei_space/asr_data/ad/A/C/B468.wav
Dev751 /home/zmw/big_space/zhangmeiwei_space/asr_data/ad/A/B/R38.wav
Dev752 /home/zmw/big_space/zhangmeiwei_space/asr_data/ad/A/A/C350.wav
Dev753 /home/zmw/big_space/zhangmeiwei_space/asr_data/ad/A/C/G130.wav
Dev754 /home/zmw/big_space/zhangmeiwei_space/asr_data/ad/A/B/R212.wav
Dev755 /home/zmw/big_space/zhangmeiwei_space/asr_data/ad/A/B/L27.wav
Dev756 /home/zmw/big_space/zhangmeiwei_space/asr_data/ad/A/B/H133.wav
Dev757 /home/zmw/big_space/zhangmeiwei_space/asr_data/ad/A/A/Q324.wav
Dev758 /home/zmw/big_space/zhangmeiwei_space/asr_data/ad/A/A/B279.wav
Dev759 /home/zmw/big_space/zhangmeiwei_space/asr_data/ad/A/A/Q911.wav
Dev760 /home/zmw/big_space/zhangmeiwei_space/asr_data/ad/A/B/R163.wav
Dev761 /home/zmw/big_space/zhangmeiwei_space/asr_data/ad/A/C/G122.wav
Dev762 /home/zmw/big_space/zhangmeiwei_space/asr_data/ad/A/B/Z301.wav
Dev763 /home/zmw/big_space/zhangmeiwei_space/asr_data/ad/A/B/A257.wav
Dev764 /home/zmw/big_space/zhangmeiwei_space/asr_data/ad/A/C/E334.wav
Dev765 /home/zmw/big_space/zhangmeiwei_space/asr_data/ad/A/A/D027.wav
Dev766 /home/zmw/big_space/zhangmeiwei_space/asr_data/ad/A/B/D218.wav
Dev767 /home/zmw/big_space/zhangmeiwei_space/asr_data/ad/A/A/A026.wav
Dev768 /home/zmw/big_space/zhangmeiwei_space/asr_data/ad/A/B/G7.wav
Dev769 /home/zmw/big_space/zhangmeiwei_space/asr_data/ad/A/A/B644.wav
Dev770 /home/zmw/big_space/zhangmeiwei_space/asr_data/ad/A/B/S592.wav
Dev771 /home/zmw/big_space/zhangmeiwei_space/asr_data/ad/A/B/B72.wav
Dev772 /home/zmw/big_space/zhangmeiwei_space/asr_data/ad/A/A/Q581.wav
Dev773 /home/zmw/big_space/zhangmeiwei_space/asr_data/ad/A/C/B60.wav
Dev774 /home/zmw/big_space/zhangmeiwei_space/asr_data/ad/A/B/Q76.wav
Dev775 /home/zmw/big_space/zhangmeiwei_space/asr_data/ad/A/C/D582.wav
Dev776 /home/zmw/big_space/zhangmeiwei_space/asr_data/ad/A/C/B96.wav
Dev777 /home/zmw/big_space/zhangmeiwei_space/asr_data/ad/A/B/S249.wav
Dev778 /home/zmw/big_space/zhangmeiwei_space/asr_data/ad/A/C/C399.wav
Dev779 /home/zmw/big_space/zhangmeiwei_space/asr_data/ad/A/A/D466.wav
Dev780 /home/zmw/big_space/zhangmeiwei_space/asr_data/ad/A/A/C201.wav
Dev781 /home/zmw/big_space/zhangmeiwei_space/asr_data/ad/A/A/E081.wav
Dev782 /home/zmw/big_space/zhangmeiwei_space/asr_data/ad/A/C/F222.wav
Dev783 /home/zmw/big_space/zhangmeiwei_space/asr_data/ad/A/B/B326.wav
Dev784 /home/zmw/big_space/zhangmeiwei_space/asr_data/ad/A/A/A059.wav
Dev785 /home/zmw/big_space/zhangmeiwei_space/asr_data/ad/A/C/D579.wav
Dev786 /home/zmw/big_space/zhangmeiwei_space/asr_data/ad/A/A/D109.wav
Dev787 /home/zmw/big_space/zhangmeiwei_space/asr_data/ad/A/B/D166.wav
Dev788 /home/zmw/big_space/zhangmeiwei_space/asr_data/ad/A/B/Y50.wav
Dev789 /home/zmw/big_space/zhangmeiwei_space/asr_data/ad/A/A/E370.wav
Dev790 /home/zmw/big_space/zhangmeiwei_space/asr_data/ad/A/C/D586.wav
Dev791 /home/zmw/big_space/zhangmeiwei_space/asr_data/ad/A/A/C168.wav
Dev792 /home/zmw/big_space/zhangmeiwei_space/asr_data/ad/A/B/F33.wav
Dev793 /home/zmw/big_space/zhangmeiwei_space/asr_data/ad/A/B/E218.wav
Dev794 /home/zmw/big_space/zhangmeiwei_space/asr_data/ad/A/C/E335.wav
Dev795 /home/zmw/big_space/zhangmeiwei_space/asr_data/ad/A/C/C88.wav
Dev796 /home/zmw/big_space/zhangmeiwei_space/asr_data/ad/A/C/C605.wav
Dev797 /home/zmw/big_space/zhangmeiwei_space/asr_data/ad/A/B/S366.wav
Dev798 /home/zmw/big_space/zhangmeiwei_space/asr_data/ad/A/C/G398.wav
Dev799 /home/zmw/big_space/zhangmeiwei_space/asr_data/ad/A/B/E320.wav
Dev800 /home/zmw/big_space/zhangmeiwei_space/asr_data/ad/A/A/A325.wav
Dev801 /home/zmw/big_space/zhangmeiwei_space/asr_data/ad/A/B/Z38.wav
Dev802 /home/zmw/big_space/zhangmeiwei_space/asr_data/ad/A/B/A102.wav
Dev803 /home/zmw/big_space/zhangmeiwei_space/asr_data/ad/A/A/A298.wav
Dev804 /home/zmw/big_space/zhangmeiwei_space/asr_data/ad/A/C/A252.wav
Dev805 /home/zmw/big_space/zhangmeiwei_space/asr_data/ad/A/C/H77.wav
Dev806 /home/zmw/big_space/zhangmeiwei_space/asr_data/ad/A/B/S204.wav
Dev807 /home/zmw/big_space/zhangmeiwei_space/asr_data/ad/A/C/C787.wav
Dev808 /home/zmw/big_space/zhangmeiwei_space/asr_data/ad/A/A/C489.wav
Dev809 /home/zmw/big_space/zhangmeiwei_space/asr_data/ad/A/B/S22.wav
Dev810 /home/zmw/big_space/zhangmeiwei_space/asr_data/ad/A/B/R80.wav
Dev811 /home/zmw/big_space/zhangmeiwei_space/asr_data/ad/A/A/Q463.wav
Dev812 /home/zmw/big_space/zhangmeiwei_space/asr_data/ad/A/A/A024.wav
Dev813 /home/zmw/big_space/zhangmeiwei_space/asr_data/ad/A/B/C79.wav
Dev814 /home/zmw/big_space/zhangmeiwei_space/asr_data/ad/A/C/E470.wav
Dev815 /home/zmw/big_space/zhangmeiwei_space/asr_data/ad/A/B/B373.wav
Dev816 /home/zmw/big_space/zhangmeiwei_space/asr_data/ad/A/B/B377.wav
Dev817 /home/zmw/big_space/zhangmeiwei_space/asr_data/ad/A/B/A220.wav
Dev818 /home/zmw/big_space/zhangmeiwei_space/asr_data/ad/A/B/R120.wav
Dev819 /home/zmw/big_space/zhangmeiwei_space/asr_data/ad/A/A/Q791.wav
Dev820 /home/zmw/big_space/zhangmeiwei_space/asr_data/ad/A/A/C587.wav
Dev821 /home/zmw/big_space/zhangmeiwei_space/asr_data/ad/A/A/C370.wav
Dev822 /home/zmw/big_space/zhangmeiwei_space/asr_data/ad/A/C/D277.wav
Dev823 /home/zmw/big_space/zhangmeiwei_space/asr_data/ad/A/B/S2.wav
Dev824 /home/zmw/big_space/zhangmeiwei_space/asr_data/ad/A/C/F389.wav
Dev825 /home/zmw/big_space/zhangmeiwei_space/asr_data/ad/A/B/Z68.wav
Dev826 /home/zmw/big_space/zhangmeiwei_space/asr_data/ad/A/A/D250.wav
Dev827 /home/zmw/big_space/zhangmeiwei_space/asr_data/ad/A/C/F529.wav
Dev828 /home/zmw/big_space/zhangmeiwei_space/asr_data/ad/A/C/E8.wav
Dev829 /home/zmw/big_space/zhangmeiwei_space/asr_data/ad/A/C/D163.wav
Dev830 /home/zmw/big_space/zhangmeiwei_space/asr_data/ad/A/C/C364.wav
Dev831 /home/zmw/big_space/zhangmeiwei_space/asr_data/ad/A/C/E376.wav
Dev832 /home/zmw/big_space/zhangmeiwei_space/asr_data/ad/A/C/F170.wav
Dev833 /home/zmw/big_space/zhangmeiwei_space/asr_data/ad/A/B/E21.wav
Dev834 /home/zmw/big_space/zhangmeiwei_space/asr_data/ad/A/A/D229.wav
Dev835 /home/zmw/big_space/zhangmeiwei_space/asr_data/ad/A/B/A130.wav
Dev836 /home/zmw/big_space/zhangmeiwei_space/asr_data/ad/A/C/D381.wav
Dev837 /home/zmw/big_space/zhangmeiwei_space/asr_data/ad/A/A/D121.wav
Dev838 /home/zmw/big_space/zhangmeiwei_space/asr_data/ad/A/A/A513.wav
Dev839 /home/zmw/big_space/zhangmeiwei_space/asr_data/ad/A/B/S343.wav
Dev840 /home/zmw/big_space/zhangmeiwei_space/asr_data/ad/A/B/B48.wav
Dev841 /home/zmw/big_space/zhangmeiwei_space/asr_data/ad/A/B/Y306.wav
Dev842 /home/zmw/big_space/zhangmeiwei_space/asr_data/ad/A/A/A439.wav
Dev843 /home/zmw/big_space/zhangmeiwei_space/asr_data/ad/A/C/B13.wav
Dev844 /home/zmw/big_space/zhangmeiwei_space/asr_data/ad/A/B/R123.wav
Dev845 /home/zmw/big_space/zhangmeiwei_space/asr_data/ad/A/A/Q114.wav
Dev846 /home/zmw/big_space/zhangmeiwei_space/asr_data/ad/A/C/A217.wav
Dev847 /home/zmw/big_space/zhangmeiwei_space/asr_data/ad/A/A/B622.wav
Dev848 /home/zmw/big_space/zhangmeiwei_space/asr_data/ad/A/C/F115.wav
Dev849 /home/zmw/big_space/zhangmeiwei_space/asr_data/ad/A/B/A137.wav
Dev850 /home/zmw/big_space/zhangmeiwei_space/asr_data/ad/A/C/C411.wav
Dev851 /home/zmw/big_space/zhangmeiwei_space/asr_data/ad/A/C/F247.wav
Dev852 /home/zmw/big_space/zhangmeiwei_space/asr_data/ad/A/B/A389.wav
Dev853 /home/zmw/big_space/zhangmeiwei_space/asr_data/ad/A/B/S674.wav
Dev854 /home/zmw/big_space/zhangmeiwei_space/asr_data/ad/A/A/D525.wav
Dev855 /home/zmw/big_space/zhangmeiwei_space/asr_data/ad/A/A/Q321.wav
Dev856 /home/zmw/big_space/zhangmeiwei_space/asr_data/ad/A/B/D229.wav
Dev857 /home/zmw/big_space/zhangmeiwei_space/asr_data/ad/A/A/E041.wav
Dev858 /home/zmw/big_space/zhangmeiwei_space/asr_data/ad/A/A/A210.wav
Dev859 /home/zmw/big_space/zhangmeiwei_space/asr_data/ad/A/B/Z108.wav
Dev860 /home/zmw/big_space/zhangmeiwei_space/asr_data/ad/A/B/A393.wav
Dev861 /home/zmw/big_space/zhangmeiwei_space/asr_data/ad/A/B/H62.wav
Dev862 /home/zmw/big_space/zhangmeiwei_space/asr_data/ad/A/C/D282.wav
Dev863 /home/zmw/big_space/zhangmeiwei_space/asr_data/ad/A/B/S555.wav
Dev864 /home/zmw/big_space/zhangmeiwei_space/asr_data/ad/A/A/E126.wav
Dev865 /home/zmw/big_space/zhangmeiwei_space/asr_data/ad/A/A/A833.wav
Dev866 /home/zmw/big_space/zhangmeiwei_space/asr_data/ad/A/C/D140.wav
Dev867 /home/zmw/big_space/zhangmeiwei_space/asr_data/ad/A/C/G173.wav
Dev868 /home/zmw/big_space/zhangmeiwei_space/asr_data/ad/A/A/E010.wav
Dev869 /home/zmw/big_space/zhangmeiwei_space/asr_data/ad/A/B/A219.wav
Dev870 /home/zmw/big_space/zhangmeiwei_space/asr_data/ad/A/A/Q552.wav
Dev871 /home/zmw/big_space/zhangmeiwei_space/asr_data/ad/A/C/D355.wav
Dev872 /home/zmw/big_space/zhangmeiwei_space/asr_data/ad/A/B/Q58.wav
Dev873 /home/zmw/big_space/zhangmeiwei_space/asr_data/ad/A/C/C561.wav
Dev874 /home/zmw/big_space/zhangmeiwei_space/asr_data/ad/A/B/A93.wav
Dev875 /home/zmw/big_space/zhangmeiwei_space/asr_data/ad/A/B/H119.wav
Dev876 /home/zmw/big_space/zhangmeiwei_space/asr_data/ad/A/B/Q54.wav
Dev877 /home/zmw/big_space/zhangmeiwei_space/asr_data/ad/A/B/G199.wav
Dev878 /home/zmw/big_space/zhangmeiwei_space/asr_data/ad/A/B/F171.wav
Dev879 /home/zmw/big_space/zhangmeiwei_space/asr_data/ad/A/C/A182.wav
Dev880 /home/zmw/big_space/zhangmeiwei_space/asr_data/ad/A/C/F540.wav
Dev881 /home/zmw/big_space/zhangmeiwei_space/asr_data/ad/A/A/Q540.wav
Dev882 /home/zmw/big_space/zhangmeiwei_space/asr_data/ad/A/B/F66.wav
Dev883 /home/zmw/big_space/zhangmeiwei_space/asr_data/ad/A/B/Z62.wav
Dev884 /home/zmw/big_space/zhangmeiwei_space/asr_data/ad/A/B/A169.wav
Dev885 /home/zmw/big_space/zhangmeiwei_space/asr_data/ad/A/C/H460.wav
Dev886 /home/zmw/big_space/zhangmeiwei_space/asr_data/ad/A/C/C803.wav
Dev887 /home/zmw/big_space/zhangmeiwei_space/asr_data/ad/A/A/C212.wav
Dev888 /home/zmw/big_space/zhangmeiwei_space/asr_data/ad/A/A/E117.wav
Dev889 /home/zmw/big_space/zhangmeiwei_space/asr_data/ad/A/A/A741.wav
Dev890 /home/zmw/big_space/zhangmeiwei_space/asr_data/ad/A/B/A326.wav
Dev891 /home/zmw/big_space/zhangmeiwei_space/asr_data/ad/A/C/C455.wav
Dev892 /home/zmw/big_space/zhangmeiwei_space/asr_data/ad/A/A/C667.wav
Dev893 /home/zmw/big_space/zhangmeiwei_space/asr_data/ad/A/C/F326.wav
Dev894 /home/zmw/big_space/zhangmeiwei_space/asr_data/ad/A/B/S662.wav
Dev895 /home/zmw/big_space/zhangmeiwei_space/asr_data/ad/A/B/G129.wav
Dev896 /home/zmw/big_space/zhangmeiwei_space/asr_data/ad/A/C/A5.wav
Dev897 /home/zmw/big_space/zhangmeiwei_space/asr_data/ad/A/B/S212.wav
Dev898 /home/zmw/big_space/zhangmeiwei_space/asr_data/ad/A/C/D31.wav
Dev899 /home/zmw/big_space/zhangmeiwei_space/asr_data/ad/A/A/Q836.wav
Dev900 /home/zmw/big_space/zhangmeiwei_space/asr_data/ad/A/B/B167.wav
Dev901 /home/zmw/big_space/zhangmeiwei_space/asr_data/ad/A/A/B640.wav
Dev902 /home/zmw/big_space/zhangmeiwei_space/asr_data/ad/A/B/E11.wav
Dev903 /home/zmw/big_space/zhangmeiwei_space/asr_data/ad/A/A/C379.wav
Dev904 /home/zmw/big_space/zhangmeiwei_space/asr_data/ad/A/C/A231.wav
Dev905 /home/zmw/big_space/zhangmeiwei_space/asr_data/ad/A/B/S600.wav
Dev906 /home/zmw/big_space/zhangmeiwei_space/asr_data/ad/A/C/C125.wav
Dev907 /home/zmw/big_space/zhangmeiwei_space/asr_data/ad/A/C/E356.wav
Dev908 /home/zmw/big_space/zhangmeiwei_space/asr_data/ad/A/C/E282.wav
Dev909 /home/zmw/big_space/zhangmeiwei_space/asr_data/ad/A/B/L97.wav
Dev910 /home/zmw/big_space/zhangmeiwei_space/asr_data/ad/A/C/E33.wav
Dev911 /home/zmw/big_space/zhangmeiwei_space/asr_data/ad/A/A/A854.wav
Dev912 /home/zmw/big_space/zhangmeiwei_space/asr_data/ad/A/C/D120.wav
Dev913 /home/zmw/big_space/zhangmeiwei_space/asr_data/ad/A/C/H434.wav
Dev914 /home/zmw/big_space/zhangmeiwei_space/asr_data/ad/A/C/B451.wav
Dev915 /home/zmw/big_space/zhangmeiwei_space/asr_data/ad/A/C/G33.wav
Dev916 /home/zmw/big_space/zhangmeiwei_space/asr_data/ad/A/A/B328.wav
Dev917 /home/zmw/big_space/zhangmeiwei_space/asr_data/ad/A/A/B106.wav
Dev918 /home/zmw/big_space/zhangmeiwei_space/asr_data/ad/A/A/C530.wav
Dev919 /home/zmw/big_space/zhangmeiwei_space/asr_data/ad/A/C/B224.wav
Dev920 /home/zmw/big_space/zhangmeiwei_space/asr_data/ad/A/C/B336.wav
Dev921 /home/zmw/big_space/zhangmeiwei_space/asr_data/ad/A/C/B356.wav
Dev922 /home/zmw/big_space/zhangmeiwei_space/asr_data/ad/A/C/F136.wav
Dev923 /home/zmw/big_space/zhangmeiwei_space/asr_data/ad/A/B/S499.wav
Dev924 /home/zmw/big_space/zhangmeiwei_space/asr_data/ad/A/A/B098.wav
Dev925 /home/zmw/big_space/zhangmeiwei_space/asr_data/ad/A/C/D614.wav
Dev926 /home/zmw/big_space/zhangmeiwei_space/asr_data/ad/A/B/S220.wav
Dev927 /home/zmw/big_space/zhangmeiwei_space/asr_data/ad/A/A/B444.wav
Dev928 /home/zmw/big_space/zhangmeiwei_space/asr_data/ad/A/A/B347.wav
Dev929 /home/zmw/big_space/zhangmeiwei_space/asr_data/ad/A/C/A131.wav
Dev930 /home/zmw/big_space/zhangmeiwei_space/asr_data/ad/A/B/B615.wav
Dev931 /home/zmw/big_space/zhangmeiwei_space/asr_data/ad/A/A/D621.wav
Dev932 /home/zmw/big_space/zhangmeiwei_space/asr_data/ad/A/B/H159.wav
Dev933 /home/zmw/big_space/zhangmeiwei_space/asr_data/ad/A/B/S394.wav
Dev934 /home/zmw/big_space/zhangmeiwei_space/asr_data/ad/A/B/D62.wav
Dev935 /home/zmw/big_space/zhangmeiwei_space/asr_data/ad/A/C/E337.wav
Dev936 /home/zmw/big_space/zhangmeiwei_space/asr_data/ad/A/B/D118.wav
Dev937 /home/zmw/big_space/zhangmeiwei_space/asr_data/ad/A/B/R137.wav
Dev938 /home/zmw/big_space/zhangmeiwei_space/asr_data/ad/A/B/B696.wav
Dev939 /home/zmw/big_space/zhangmeiwei_space/asr_data/ad/A/B/S498.wav
Dev940 /home/zmw/big_space/zhangmeiwei_space/asr_data/ad/A/A/Q729.wav
Dev941 /home/zmw/big_space/zhangmeiwei_space/asr_data/ad/A/B/A235.wav
Dev942 /home/zmw/big_space/zhangmeiwei_space/asr_data/ad/A/C/B413.wav
Dev943 /home/zmw/big_space/zhangmeiwei_space/asr_data/ad/A/A/A461.wav
Dev944 /home/zmw/big_space/zhangmeiwei_space/asr_data/ad/A/C/D572.wav
Dev945 /home/zmw/big_space/zhangmeiwei_space/asr_data/ad/A/C/F374.wav
Dev946 /home/zmw/big_space/zhangmeiwei_space/asr_data/ad/A/C/A90.wav
Dev947 /home/zmw/big_space/zhangmeiwei_space/asr_data/ad/A/A/C567.wav
Dev948 /home/zmw/big_space/zhangmeiwei_space/asr_data/ad/A/A/A217.wav
Dev949 /home/zmw/big_space/zhangmeiwei_space/asr_data/ad/A/C/A218.wav
Dev950 /home/zmw/big_space/zhangmeiwei_space/asr_data/ad/A/B/Y82.wav
Dev951 /home/zmw/big_space/zhangmeiwei_space/asr_data/ad/A/A/A138.wav
Dev952 /home/zmw/big_space/zhangmeiwei_space/asr_data/ad/A/B/D157.wav
Dev953 /home/zmw/big_space/zhangmeiwei_space/asr_data/ad/A/C/D313.wav
Dev954 /home/zmw/big_space/zhangmeiwei_space/asr_data/ad/A/C/F157.wav
Dev955 /home/zmw/big_space/zhangmeiwei_space/asr_data/ad/A/C/F473.wav
Dev956 /home/zmw/big_space/zhangmeiwei_space/asr_data/ad/A/B/L50.wav
Dev957 /home/zmw/big_space/zhangmeiwei_space/asr_data/ad/A/B/G257.wav
Dev958 /home/zmw/big_space/zhangmeiwei_space/asr_data/ad/A/A/E106.wav
Dev959 /home/zmw/big_space/zhangmeiwei_space/asr_data/ad/A/A/B571.wav
Dev960 /home/zmw/big_space/zhangmeiwei_space/asr_data/ad/A/A/A736.wav
Dev961 /home/zmw/big_space/zhangmeiwei_space/asr_data/ad/A/C/C243.wav
Dev962 /home/zmw/big_space/zhangmeiwei_space/asr_data/ad/A/A/B609.wav
Dev963 /home/zmw/big_space/zhangmeiwei_space/asr_data/ad/A/A/D410.wav
Dev964 /home/zmw/big_space/zhangmeiwei_space/asr_data/ad/A/B/G363.wav
Dev965 /home/zmw/big_space/zhangmeiwei_space/asr_data/ad/A/B/G22.wav
Dev966 /home/zmw/big_space/zhangmeiwei_space/asr_data/ad/A/B/E374.wav
Dev967 /home/zmw/big_space/zhangmeiwei_space/asr_data/ad/A/C/D316.wav
Dev968 /home/zmw/big_space/zhangmeiwei_space/asr_data/ad/A/A/C226.wav
Dev969 /home/zmw/big_space/zhangmeiwei_space/asr_data/ad/A/B/Z110.wav
Dev970 /home/zmw/big_space/zhangmeiwei_space/asr_data/ad/A/A/Q634.wav
Dev971 /home/zmw/big_space/zhangmeiwei_space/asr_data/ad/A/B/Y219.wav
Dev972 /home/zmw/big_space/zhangmeiwei_space/asr_data/ad/A/A/A042.wav
Dev973 /home/zmw/big_space/zhangmeiwei_space/asr_data/ad/A/B/Z109.wav
Dev974 /home/zmw/big_space/zhangmeiwei_space/asr_data/ad/A/C/D525.wav
Dev975 /home/zmw/big_space/zhangmeiwei_space/asr_data/ad/A/C/D185.wav
Dev976 /home/zmw/big_space/zhangmeiwei_space/asr_data/ad/A/B/B3.wav
Dev977 /home/zmw/big_space/zhangmeiwei_space/asr_data/ad/A/B/L82.wav
Dev978 /home/zmw/big_space/zhangmeiwei_space/asr_data/ad/A/C/D569.wav
Dev979 /home/zmw/big_space/zhangmeiwei_space/asr_data/ad/A/B/S216.wav
Dev980 /home/zmw/big_space/zhangmeiwei_space/asr_data/ad/A/A/B150.wav
Dev981 /home/zmw/big_space/zhangmeiwei_space/asr_data/ad/A/C/G12.wav
Dev982 /home/zmw/big_space/zhangmeiwei_space/asr_data/ad/A/B/D9.wav
Dev983 /home/zmw/big_space/zhangmeiwei_space/asr_data/ad/A/B/F70.wav
Dev984 /home/zmw/big_space/zhangmeiwei_space/asr_data/ad/A/C/D116.wav
Dev985 /home/zmw/big_space/zhangmeiwei_space/asr_data/ad/A/B/S613.wav
Dev986 /home/zmw/big_space/zhangmeiwei_space/asr_data/ad/A/B/L153.wav
Dev987 /home/zmw/big_space/zhangmeiwei_space/asr_data/ad/A/B/D77.wav
Dev988 /home/zmw/big_space/zhangmeiwei_space/asr_data/ad/A/C/D362.wav
Dev989 /home/zmw/big_space/zhangmeiwei_space/asr_data/ad/A/A/B579.wav
Dev990 /home/zmw/big_space/zhangmeiwei_space/asr_data/ad/A/B/Y131.wav
Dev991 /home/zmw/big_space/zhangmeiwei_space/asr_data/ad/A/C/C612.wav
Dev992 /home/zmw/big_space/zhangmeiwei_space/asr_data/ad/A/A/Q779.wav
Dev993 /home/zmw/big_space/zhangmeiwei_space/asr_data/ad/A/A/C102.wav
Dev994 /home/zmw/big_space/zhangmeiwei_space/asr_data/ad/A/B/S444.wav
Dev995 /home/zmw/big_space/zhangmeiwei_space/asr_data/ad/A/B/B337.wav
Dev996 /home/zmw/big_space/zhangmeiwei_space/asr_data/ad/A/C/F584.wav
Dev997 /home/zmw/big_space/zhangmeiwei_space/asr_data/ad/A/A/Q097.wav
Dev998 /home/zmw/big_space/zhangmeiwei_space/asr_data/ad/A/C/D216.wav
Dev999 /home/zmw/big_space/zhangmeiwei_space/asr_data/ad/A/A/E430.wav
Dev1000 /home/zmw/big_space/zhangmeiwei_space/asr_data/ad/A/A/A339.wav
Dev1001 /home/zmw/big_space/zhangmeiwei_space/asr_data/ad/A/B/Z25.wav
Dev1002 /home/zmw/big_space/zhangmeiwei_space/asr_data/ad/A/B/E96.wav
Dev1003 /home/zmw/big_space/zhangmeiwei_space/asr_data/ad/A/B/Y124.wav
Dev1004 /home/zmw/big_space/zhangmeiwei_space/asr_data/ad/A/C/F542.wav
Dev1005 /home/zmw/big_space/zhangmeiwei_space/asr_data/ad/A/B/E216.wav
Dev1006 /home/zmw/big_space/zhangmeiwei_space/asr_data/ad/A/C/D515.wav
Dev1007 /home/zmw/big_space/zhangmeiwei_space/asr_data/ad/A/B/G62.wav
Dev1008 /home/zmw/big_space/zhangmeiwei_space/asr_data/ad/A/C/E327.wav
Dev1009 /home/zmw/big_space/zhangmeiwei_space/asr_data/ad/A/B/E197.wav
Dev1010 /home/zmw/big_space/zhangmeiwei_space/asr_data/ad/A/C/H242.wav
Dev1011 /home/zmw/big_space/zhangmeiwei_space/asr_data/ad/A/A/B586.wav
Dev1012 /home/zmw/big_space/zhangmeiwei_space/asr_data/ad/A/C/F468.wav
Dev1013 /home/zmw/big_space/zhangmeiwei_space/asr_data/ad/A/B/E265.wav
Dev1014 /home/zmw/big_space/zhangmeiwei_space/asr_data/ad/A/C/C520.wav
Dev1015 /home/zmw/big_space/zhangmeiwei_space/asr_data/ad/A/A/B577.wav
Dev1016 /home/zmw/big_space/zhangmeiwei_space/asr_data/ad/A/B/L281.wav
Dev1017 /home/zmw/big_space/zhangmeiwei_space/asr_data/ad/A/A/D350.wav
Dev1018 /home/zmw/big_space/zhangmeiwei_space/asr_data/ad/A/C/E290.wav
Dev1019 /home/zmw/big_space/zhangmeiwei_space/asr_data/ad/A/A/Q762.wav
Dev1020 /home/zmw/big_space/zhangmeiwei_space/asr_data/ad/A/A/Q180.wav
Dev1021 /home/zmw/big_space/zhangmeiwei_space/asr_data/ad/A/A/B648.wav
Dev1022 /home/zmw/big_space/zhangmeiwei_space/asr_data/ad/A/A/D581.wav
Dev1023 /home/zmw/big_space/zhangmeiwei_space/asr_data/ad/A/B/B340.wav
Dev1024 /home/zmw/big_space/zhangmeiwei_space/asr_data/ad/A/A/C127.wav
Dev1025 /home/zmw/big_space/zhangmeiwei_space/asr_data/ad/A/B/B648.wav
Dev1026 /home/zmw/big_space/zhangmeiwei_space/asr_data/ad/A/A/A710.wav
Dev1027 /home/zmw/big_space/zhangmeiwei_space/asr_data/ad/A/C/E258.wav
Dev1028 /home/zmw/big_space/zhangmeiwei_space/asr_data/ad/A/B/Y122.wav
Dev1029 /home/zmw/big_space/zhangmeiwei_space/asr_data/ad/A/C/G380.wav
Dev1030 /home/zmw/big_space/zhangmeiwei_space/asr_data/ad/A/A/A074.wav
Dev1031 /home/zmw/big_space/zhangmeiwei_space/asr_data/ad/A/A/A228.wav
Dev1032 /home/zmw/big_space/zhangmeiwei_space/asr_data/ad/A/C/C818.wav
Dev1033 /home/zmw/big_space/zhangmeiwei_space/asr_data/ad/A/B/A97.wav
Dev1034 /home/zmw/big_space/zhangmeiwei_space/asr_data/ad/A/C/C4.wav
Dev1035 /home/zmw/big_space/zhangmeiwei_space/asr_data/ad/A/C/F603.wav
Dev1036 /home/zmw/big_space/zhangmeiwei_space/asr_data/ad/A/B/S321.wav
Dev1037 /home/zmw/big_space/zhangmeiwei_space/asr_data/ad/A/A/Q031.wav
Dev1038 /home/zmw/big_space/zhangmeiwei_space/asr_data/ad/A/B/S154.wav
Dev1039 /home/zmw/big_space/zhangmeiwei_space/asr_data/ad/A/B/B418.wav
Dev1040 /home/zmw/big_space/zhangmeiwei_space/asr_data/ad/A/A/E099.wav
Dev1041 /home/zmw/big_space/zhangmeiwei_space/asr_data/ad/A/B/R218.wav
Dev1042 /home/zmw/big_space/zhangmeiwei_space/asr_data/ad/A/C/D105.wav
Dev1043 /home/zmw/big_space/zhangmeiwei_space/asr_data/ad/A/B/A240.wav
Dev1044 /home/zmw/big_space/zhangmeiwei_space/asr_data/ad/A/A/A358.wav
Dev1045 /home/zmw/big_space/zhangmeiwei_space/asr_data/ad/A/A/A354.wav
Dev1046 /home/zmw/big_space/zhangmeiwei_space/asr_data/ad/A/B/S167.wav
Dev1047 /home/zmw/big_space/zhangmeiwei_space/asr_data/ad/A/B/Z160.wav
Dev1048 /home/zmw/big_space/zhangmeiwei_space/asr_data/ad/A/C/D257.wav
Dev1049 /home/zmw/big_space/zhangmeiwei_space/asr_data/ad/A/B/G134.wav
Dev1050 /home/zmw/big_space/zhangmeiwei_space/asr_data/ad/A/C/C340.wav
Dev1051 /home/zmw/big_space/zhangmeiwei_space/asr_data/ad/A/B/B581.wav
Dev1052 /home/zmw/big_space/zhangmeiwei_space/asr_data/ad/A/A/C482.wav
Dev1053 /home/zmw/big_space/zhangmeiwei_space/asr_data/ad/A/B/D3.wav
Dev1054 /home/zmw/big_space/zhangmeiwei_space/asr_data/ad/A/A/Q602.wav
Dev1055 /home/zmw/big_space/zhangmeiwei_space/asr_data/ad/A/A/D484.wav
Dev1056 /home/zmw/big_space/zhangmeiwei_space/asr_data/ad/A/A/Q499.wav
Dev1057 /home/zmw/big_space/zhangmeiwei_space/asr_data/ad/A/C/F575.wav
Dev1058 /home/zmw/big_space/zhangmeiwei_space/asr_data/ad/A/B/D72.wav
Dev1059 /home/zmw/big_space/zhangmeiwei_space/asr_data/ad/A/B/F164.wav
Dev1060 /home/zmw/big_space/zhangmeiwei_space/asr_data/ad/A/A/D116.wav
Dev1061 /home/zmw/big_space/zhangmeiwei_space/asr_data/ad/A/A/C188.wav
Dev1062 /home/zmw/big_space/zhangmeiwei_space/asr_data/ad/A/B/A310.wav
Dev1063 /home/zmw/big_space/zhangmeiwei_space/asr_data/ad/A/B/B635.wav
Dev1064 /home/zmw/big_space/zhangmeiwei_space/asr_data/ad/A/B/B177.wav
Dev1065 /home/zmw/big_space/zhangmeiwei_space/asr_data/ad/A/A/B348.wav
Dev1066 /home/zmw/big_space/zhangmeiwei_space/asr_data/ad/A/B/R235.wav
Dev1067 /home/zmw/big_space/zhangmeiwei_space/asr_data/ad/A/B/B714.wav
Dev1068 /home/zmw/big_space/zhangmeiwei_space/asr_data/ad/A/C/H5.wav
Dev1069 /home/zmw/big_space/zhangmeiwei_space/asr_data/ad/A/C/F343.wav
Dev1070 /home/zmw/big_space/zhangmeiwei_space/asr_data/ad/A/C/E200.wav
Dev1071 /home/zmw/big_space/zhangmeiwei_space/asr_data/ad/A/C/F366.wav
Dev1072 /home/zmw/big_space/zhangmeiwei_space/asr_data/ad/A/B/A32.wav
Dev1073 /home/zmw/big_space/zhangmeiwei_space/asr_data/ad/A/C/B221.wav
Dev1074 /home/zmw/big_space/zhangmeiwei_space/asr_data/ad/A/B/C135.wav
Dev1075 /home/zmw/big_space/zhangmeiwei_space/asr_data/ad/A/C/F378.wav
Dev1076 /home/zmw/big_space/zhangmeiwei_space/asr_data/ad/A/C/B150.wav
Dev1077 /home/zmw/big_space/zhangmeiwei_space/asr_data/ad/A/B/B740.wav
Dev1078 /home/zmw/big_space/zhangmeiwei_space/asr_data/ad/A/C/F513.wav
Dev1079 /home/zmw/big_space/zhangmeiwei_space/asr_data/ad/A/C/C62.wav
Dev1080 /home/zmw/big_space/zhangmeiwei_space/asr_data/ad/A/A/A137.wav
Dev1081 /home/zmw/big_space/zhangmeiwei_space/asr_data/ad/A/C/D604.wav
Dev1082 /home/zmw/big_space/zhangmeiwei_space/asr_data/ad/A/C/C217.wav
Dev1083 /home/zmw/big_space/zhangmeiwei_space/asr_data/ad/A/C/E74.wav
Dev1084 /home/zmw/big_space/zhangmeiwei_space/asr_data/ad/A/B/L300.wav
Dev1085 /home/zmw/big_space/zhangmeiwei_space/asr_data/ad/A/C/F212.wav
Dev1086 /home/zmw/big_space/zhangmeiwei_space/asr_data/ad/A/B/B274.wav
Dev1087 /home/zmw/big_space/zhangmeiwei_space/asr_data/ad/A/A/D040.wav
Dev1088 /home/zmw/big_space/zhangmeiwei_space/asr_data/ad/A/B/G176.wav
Dev1089 /home/zmw/big_space/zhangmeiwei_space/asr_data/ad/A/B/S484.wav
Dev1090 /home/zmw/big_space/zhangmeiwei_space/asr_data/ad/A/B/B673.wav
Dev1091 /home/zmw/big_space/zhangmeiwei_space/asr_data/ad/A/B/Y144.wav
Dev1092 /home/zmw/big_space/zhangmeiwei_space/asr_data/ad/A/A/Q134.wav
Dev1093 /home/zmw/big_space/zhangmeiwei_space/asr_data/ad/A/B/L238.wav
Dev1094 /home/zmw/big_space/zhangmeiwei_space/asr_data/ad/A/C/E118.wav
Dev1095 /home/zmw/big_space/zhangmeiwei_space/asr_data/ad/A/C/C773.wav
Dev1096 /home/zmw/big_space/zhangmeiwei_space/asr_data/ad/A/A/B151.wav
Dev1097 /home/zmw/big_space/zhangmeiwei_space/asr_data/ad/A/C/C531.wav
Dev1098 /home/zmw/big_space/zhangmeiwei_space/asr_data/ad/A/A/Q379.wav
Dev1099 /home/zmw/big_space/zhangmeiwei_space/asr_data/ad/A/A/Q108.wav
Dev1100 /home/zmw/big_space/zhangmeiwei_space/asr_data/ad/A/A/Q746.wav
Dev1101 /home/zmw/big_space/zhangmeiwei_space/asr_data/ad/A/B/G189.wav
Dev1102 /home/zmw/big_space/zhangmeiwei_space/asr_data/ad/A/A/D686.wav
Dev1103 /home/zmw/big_space/zhangmeiwei_space/asr_data/ad/A/C/F139.wav
Dev1104 /home/zmw/big_space/zhangmeiwei_space/asr_data/ad/A/A/A768.wav
Dev1105 /home/zmw/big_space/zhangmeiwei_space/asr_data/ad/A/C/B211.wav
Dev1106 /home/zmw/big_space/zhangmeiwei_space/asr_data/ad/A/A/B040.wav
Dev1107 /home/zmw/big_space/zhangmeiwei_space/asr_data/ad/A/C/F443.wav
Dev1108 /home/zmw/big_space/zhangmeiwei_space/asr_data/ad/A/C/C718.wav
Dev1109 /home/zmw/big_space/zhangmeiwei_space/asr_data/ad/A/A/D515.wav
Dev1110 /home/zmw/big_space/zhangmeiwei_space/asr_data/ad/A/B/S29.wav
Dev1111 /home/zmw/big_space/zhangmeiwei_space/asr_data/ad/A/C/F484.wav
Dev1112 /home/zmw/big_space/zhangmeiwei_space/asr_data/ad/A/B/H164.wav
Dev1113 /home/zmw/big_space/zhangmeiwei_space/asr_data/ad/A/A/E498.wav
Dev1114 /home/zmw/big_space/zhangmeiwei_space/asr_data/ad/A/A/D529.wav
Dev1115 /home/zmw/big_space/zhangmeiwei_space/asr_data/ad/A/C/H416.wav
Dev1116 /home/zmw/big_space/zhangmeiwei_space/asr_data/ad/A/C/D452.wav
Dev1117 /home/zmw/big_space/zhangmeiwei_space/asr_data/ad/A/C/C86.wav
Dev1118 /home/zmw/big_space/zhangmeiwei_space/asr_data/ad/A/A/C251.wav
Dev1119 /home/zmw/big_space/zhangmeiwei_space/asr_data/ad/A/C/C660.wav
Dev1120 /home/zmw/big_space/zhangmeiwei_space/asr_data/ad/A/B/D142.wav
Dev1121 /home/zmw/big_space/zhangmeiwei_space/asr_data/ad/A/B/S472.wav
Dev1122 /home/zmw/big_space/zhangmeiwei_space/asr_data/ad/A/A/A780.wav
Dev1123 /home/zmw/big_space/zhangmeiwei_space/asr_data/ad/A/A/B280.wav
Dev1124 /home/zmw/big_space/zhangmeiwei_space/asr_data/ad/A/A/E025.wav
Dev1125 /home/zmw/big_space/zhangmeiwei_space/asr_data/ad/A/B/G162.wav
Dev1126 /home/zmw/big_space/zhangmeiwei_space/asr_data/ad/A/C/E178.wav
Dev1127 /home/zmw/big_space/zhangmeiwei_space/asr_data/ad/A/B/G330.wav
Dev1128 /home/zmw/big_space/zhangmeiwei_space/asr_data/ad/A/C/D23.wav
Dev1129 /home/zmw/big_space/zhangmeiwei_space/asr_data/ad/A/C/H411.wav
Dev1130 /home/zmw/big_space/zhangmeiwei_space/asr_data/ad/A/C/C25.wav
Dev1131 /home/zmw/big_space/zhangmeiwei_space/asr_data/ad/A/A/B495.wav
Dev1132 /home/zmw/big_space/zhangmeiwei_space/asr_data/ad/A/B/F95.wav
Dev1133 /home/zmw/big_space/zhangmeiwei_space/asr_data/ad/A/A/A274.wav
Dev1134 /home/zmw/big_space/zhangmeiwei_space/asr_data/ad/A/C/G54.wav
Dev1135 /home/zmw/big_space/zhangmeiwei_space/asr_data/ad/A/C/B7.wav
Dev1136 /home/zmw/big_space/zhangmeiwei_space/asr_data/ad/A/A/A193.wav
Dev1137 /home/zmw/big_space/zhangmeiwei_space/asr_data/ad/A/B/A105.wav
Dev1138 /home/zmw/big_space/zhangmeiwei_space/asr_data/ad/A/B/B17.wav
Dev1139 /home/zmw/big_space/zhangmeiwei_space/asr_data/ad/A/A/C203.wav
Dev1140 /home/zmw/big_space/zhangmeiwei_space/asr_data/ad/A/B/E354.wav
Dev1141 /home/zmw/big_space/zhangmeiwei_space/asr_data/ad/A/C/F330.wav
Dev1142 /home/zmw/big_space/zhangmeiwei_space/asr_data/ad/A/A/D014.wav
Dev1143 /home/zmw/big_space/zhangmeiwei_space/asr_data/ad/A/C/E83.wav
Dev1144 /home/zmw/big_space/zhangmeiwei_space/asr_data/ad/A/C/E81.wav
Dev1145 /home/zmw/big_space/zhangmeiwei_space/asr_data/ad/A/C/H193.wav
Dev1146 /home/zmw/big_space/zhangmeiwei_space/asr_data/ad/A/C/H186.wav
Dev1147 /home/zmw/big_space/zhangmeiwei_space/asr_data/ad/A/A/Q077.wav
Dev1148 /home/zmw/big_space/zhangmeiwei_space/asr_data/ad/A/A/B119.wav
Dev1149 /home/zmw/big_space/zhangmeiwei_space/asr_data/ad/A/B/Z326.wav
Dev1150 /home/zmw/big_space/zhangmeiwei_space/asr_data/ad/A/A/A038.wav
Dev1151 /home/zmw/big_space/zhangmeiwei_space/asr_data/ad/A/B/A3.wav
Dev1152 /home/zmw/big_space/zhangmeiwei_space/asr_data/ad/A/C/E395.wav
Dev1153 /home/zmw/big_space/zhangmeiwei_space/asr_data/ad/A/B/B186.wav
Dev1154 /home/zmw/big_space/zhangmeiwei_space/asr_data/ad/A/C/F450.wav
Dev1155 /home/zmw/big_space/zhangmeiwei_space/asr_data/ad/A/C/F367.wav
Dev1156 /home/zmw/big_space/zhangmeiwei_space/asr_data/ad/A/A/B568.wav
Dev1157 /home/zmw/big_space/zhangmeiwei_space/asr_data/ad/A/B/D150.wav
Dev1158 /home/zmw/big_space/zhangmeiwei_space/asr_data/ad/A/B/Y101.wav
Dev1159 /home/zmw/big_space/zhangmeiwei_space/asr_data/ad/A/A/B259.wav
Dev1160 /home/zmw/big_space/zhangmeiwei_space/asr_data/ad/A/A/E202.wav
Dev1161 /home/zmw/big_space/zhangmeiwei_space/asr_data/ad/A/B/Y220.wav
Dev1162 /home/zmw/big_space/zhangmeiwei_space/asr_data/ad/A/A/E288.wav
Dev1163 /home/zmw/big_space/zhangmeiwei_space/asr_data/ad/A/B/B525.wav
Dev1164 /home/zmw/big_space/zhangmeiwei_space/asr_data/ad/A/A/B578.wav
Dev1165 /home/zmw/big_space/zhangmeiwei_space/asr_data/ad/A/B/A162.wav
Dev1166 /home/zmw/big_space/zhangmeiwei_space/asr_data/ad/A/C/H431.wav
Dev1167 /home/zmw/big_space/zhangmeiwei_space/asr_data/ad/A/B/S606.wav
Dev1168 /home/zmw/big_space/zhangmeiwei_space/asr_data/ad/A/B/F5.wav
Dev1169 /home/zmw/big_space/zhangmeiwei_space/asr_data/ad/A/B/S222.wav
Dev1170 /home/zmw/big_space/zhangmeiwei_space/asr_data/ad/A/B/F69.wav
Dev1171 /home/zmw/big_space/zhangmeiwei_space/asr_data/ad/A/B/S215.wav
Dev1172 /home/zmw/big_space/zhangmeiwei_space/asr_data/ad/A/C/G40.wav
Dev1173 /home/zmw/big_space/zhangmeiwei_space/asr_data/ad/A/B/Y160.wav
Dev1174 /home/zmw/big_space/zhangmeiwei_space/asr_data/ad/A/A/A293.wav
Dev1175 /home/zmw/big_space/zhangmeiwei_space/asr_data/ad/A/A/A777.wav
Dev1176 /home/zmw/big_space/zhangmeiwei_space/asr_data/ad/A/A/A501.wav
Dev1177 /home/zmw/big_space/zhangmeiwei_space/asr_data/ad/A/A/A805.wav
Dev1178 /home/zmw/big_space/zhangmeiwei_space/asr_data/ad/A/A/B293.wav
Dev1179 /home/zmw/big_space/zhangmeiwei_space/asr_data/ad/A/C/G98.wav
Dev1180 /home/zmw/big_space/zhangmeiwei_space/asr_data/ad/A/B/B573.wav
Dev1181 /home/zmw/big_space/zhangmeiwei_space/asr_data/ad/A/B/B601.wav
Dev1182 /home/zmw/big_space/zhangmeiwei_space/asr_data/ad/A/A/C192.wav
Dev1183 /home/zmw/big_space/zhangmeiwei_space/asr_data/ad/A/C/A207.wav
Dev1184 /home/zmw/big_space/zhangmeiwei_space/asr_data/ad/A/A/C177.wav
Dev1185 /home/zmw/big_space/zhangmeiwei_space/asr_data/ad/A/A/A522.wav
Dev1186 /home/zmw/big_space/zhangmeiwei_space/asr_data/ad/A/B/F118.wav
Dev1187 /home/zmw/big_space/zhangmeiwei_space/asr_data/ad/A/C/D385.wav
Dev1188 /home/zmw/big_space/zhangmeiwei_space/asr_data/ad/A/A/A692.wav
Dev1189 /home/zmw/big_space/zhangmeiwei_space/asr_data/ad/A/A/E350.wav
Dev1190 /home/zmw/big_space/zhangmeiwei_space/asr_data/ad/A/C/B256.wav
Dev1191 /home/zmw/big_space/zhangmeiwei_space/asr_data/ad/A/C/G155.wav
Dev1192 /home/zmw/big_space/zhangmeiwei_space/asr_data/ad/A/B/S21.wav
Dev1193 /home/zmw/big_space/zhangmeiwei_space/asr_data/ad/A/B/F24.wav
Dev1194 /home/zmw/big_space/zhangmeiwei_space/asr_data/ad/A/B/S540.wav
Dev1195 /home/zmw/big_space/zhangmeiwei_space/asr_data/ad/A/B/R48.wav
Dev1196 /home/zmw/big_space/zhangmeiwei_space/asr_data/ad/A/C/F54.wav
Dev1197 /home/zmw/big_space/zhangmeiwei_space/asr_data/ad/A/C/C550.wav
Dev1198 /home/zmw/big_space/zhangmeiwei_space/asr_data/ad/A/C/F297.wav
Dev1199 /home/zmw/big_space/zhangmeiwei_space/asr_data/ad/A/B/B543.wav
Dev1200 /home/zmw/big_space/zhangmeiwei_space/asr_data/ad/A/C/H342.wav
Dev1201 /home/zmw/big_space/zhangmeiwei_space/asr_data/ad/A/A/A136.wav
Dev1202 /home/zmw/big_space/zhangmeiwei_space/asr_data/ad/A/A/D397.wav
Dev1203 /home/zmw/big_space/zhangmeiwei_space/asr_data/ad/A/B/A225.wav
Dev1204 /home/zmw/big_space/zhangmeiwei_space/asr_data/ad/A/C/C656.wav
Dev1205 /home/zmw/big_space/zhangmeiwei_space/asr_data/ad/A/B/L56.wav
Dev1206 /home/zmw/big_space/zhangmeiwei_space/asr_data/ad/A/B/L24.wav
Dev1207 /home/zmw/big_space/zhangmeiwei_space/asr_data/ad/A/C/B502.wav
Dev1208 /home/zmw/big_space/zhangmeiwei_space/asr_data/ad/A/B/G82.wav
Dev1209 /home/zmw/big_space/zhangmeiwei_space/asr_data/ad/A/C/D413.wav
Dev1210 /home/zmw/big_space/zhangmeiwei_space/asr_data/ad/A/C/G194.wav
Dev1211 /home/zmw/big_space/zhangmeiwei_space/asr_data/ad/A/C/G282.wav
Dev1212 /home/zmw/big_space/zhangmeiwei_space/asr_data/ad/A/A/A578.wav
Dev1213 /home/zmw/big_space/zhangmeiwei_space/asr_data/ad/A/B/B74.wav
Dev1214 /home/zmw/big_space/zhangmeiwei_space/asr_data/ad/A/C/C55.wav
Dev1215 /home/zmw/big_space/zhangmeiwei_space/asr_data/ad/A/A/A130.wav
Dev1216 /home/zmw/big_space/zhangmeiwei_space/asr_data/ad/A/B/B244.wav
Dev1217 /home/zmw/big_space/zhangmeiwei_space/asr_data/ad/A/C/H222.wav
Dev1218 /home/zmw/big_space/zhangmeiwei_space/asr_data/ad/A/A/Q440.wav
Dev1219 /home/zmw/big_space/zhangmeiwei_space/asr_data/ad/A/C/E132.wav
Dev1220 /home/zmw/big_space/zhangmeiwei_space/asr_data/ad/A/B/S658.wav
Dev1221 /home/zmw/big_space/zhangmeiwei_space/asr_data/ad/A/B/A113.wav
Dev1222 /home/zmw/big_space/zhangmeiwei_space/asr_data/ad/A/C/B168.wav
Dev1223 /home/zmw/big_space/zhangmeiwei_space/asr_data/ad/A/A/A719.wav
Dev1224 /home/zmw/big_space/zhangmeiwei_space/asr_data/ad/A/A/A592.wav
Dev1225 /home/zmw/big_space/zhangmeiwei_space/asr_data/ad/A/C/F637.wav
Dev1226 /home/zmw/big_space/zhangmeiwei_space/asr_data/ad/A/C/G308.wav
Dev1227 /home/zmw/big_space/zhangmeiwei_space/asr_data/ad/A/A/Q116.wav
Dev1228 /home/zmw/big_space/zhangmeiwei_space/asr_data/ad/A/C/F496.wav
Dev1229 /home/zmw/big_space/zhangmeiwei_space/asr_data/ad/A/B/A123.wav
Dev1230 /home/zmw/big_space/zhangmeiwei_space/asr_data/ad/A/A/B396.wav
Dev1231 /home/zmw/big_space/zhangmeiwei_space/asr_data/ad/A/A/A008.wav
Dev1232 /home/zmw/big_space/zhangmeiwei_space/asr_data/ad/A/B/Y335.wav
Dev1233 /home/zmw/big_space/zhangmeiwei_space/asr_data/ad/A/C/E272.wav
Dev1234 /home/zmw/big_space/zhangmeiwei_space/asr_data/ad/A/B/C58.wav
Dev1235 /home/zmw/big_space/zhangmeiwei_space/asr_data/ad/A/A/E264.wav
Dev1236 /home/zmw/big_space/zhangmeiwei_space/asr_data/ad/A/C/B49.wav
Dev1237 /home/zmw/big_space/zhangmeiwei_space/asr_data/ad/A/C/C183.wav
Dev1238 /home/zmw/big_space/zhangmeiwei_space/asr_data/ad/A/B/E75.wav
Dev1239 /home/zmw/big_space/zhangmeiwei_space/asr_data/ad/A/B/D227.wav
Dev1240 /home/zmw/big_space/zhangmeiwei_space/asr_data/ad/A/B/S478.wav
Dev1241 /home/zmw/big_space/zhangmeiwei_space/asr_data/ad/A/B/D100.wav
Dev1242 /home/zmw/big_space/zhangmeiwei_space/asr_data/ad/A/B/E32.wav
Dev1243 /home/zmw/big_space/zhangmeiwei_space/asr_data/ad/A/A/E478.wav
Dev1244 /home/zmw/big_space/zhangmeiwei_space/asr_data/ad/A/A/B677.wav
Dev1245 /home/zmw/big_space/zhangmeiwei_space/asr_data/ad/A/C/D42.wav
Dev1246 /home/zmw/big_space/zhangmeiwei_space/asr_data/ad/A/C/F454.wav
Dev1247 /home/zmw/big_space/zhangmeiwei_space/asr_data/ad/A/A/A374.wav
Dev1248 /home/zmw/big_space/zhangmeiwei_space/asr_data/ad/A/B/Z132.wav
Dev1249 /home/zmw/big_space/zhangmeiwei_space/asr_data/ad/A/C/H34.wav
Dev1250 /home/zmw/big_space/zhangmeiwei_space/asr_data/ad/A/C/D476.wav
Dev1251 /home/zmw/big_space/zhangmeiwei_space/asr_data/ad/A/B/R188.wav
Dev1252 /home/zmw/big_space/zhangmeiwei_space/asr_data/ad/A/C/G249.wav
Dev1253 /home/zmw/big_space/zhangmeiwei_space/asr_data/ad/A/A/B638.wav
Dev1254 /home/zmw/big_space/zhangmeiwei_space/asr_data/ad/A/B/R22.wav
Dev1255 /home/zmw/big_space/zhangmeiwei_space/asr_data/ad/A/A/E129.wav
Dev1256 /home/zmw/big_space/zhangmeiwei_space/asr_data/ad/A/C/B190.wav
Dev1257 /home/zmw/big_space/zhangmeiwei_space/asr_data/ad/A/A/E258.wav
Dev1258 /home/zmw/big_space/zhangmeiwei_space/asr_data/ad/A/A/D142.wav
Dev1259 /home/zmw/big_space/zhangmeiwei_space/asr_data/ad/A/C/F630.wav
Dev1260 /home/zmw/big_space/zhangmeiwei_space/asr_data/ad/A/C/E183.wav
Dev1261 /home/zmw/big_space/zhangmeiwei_space/asr_data/ad/A/B/G350.wav
Dev1262 /home/zmw/big_space/zhangmeiwei_space/asr_data/ad/A/B/S647.wav
Dev1263 /home/zmw/big_space/zhangmeiwei_space/asr_data/ad/A/B/Z216.wav
Dev1264 /home/zmw/big_space/zhangmeiwei_space/asr_data/ad/A/C/C669.wav
Dev1265 /home/zmw/big_space/zhangmeiwei_space/asr_data/ad/A/B/G301.wav
Dev1266 /home/zmw/big_space/zhangmeiwei_space/asr_data/ad/A/A/C034.wav
Dev1267 /home/zmw/big_space/zhangmeiwei_space/asr_data/ad/A/C/D596.wav
Dev1268 /home/zmw/big_space/zhangmeiwei_space/asr_data/ad/A/C/D466.wav
Dev1269 /home/zmw/big_space/zhangmeiwei_space/asr_data/ad/A/B/A125.wav
Dev1270 /home/zmw/big_space/zhangmeiwei_space/asr_data/ad/A/B/R7.wav
Dev1271 /home/zmw/big_space/zhangmeiwei_space/asr_data/ad/A/B/B290.wav
Dev1272 /home/zmw/big_space/zhangmeiwei_space/asr_data/ad/A/B/Z181.wav
Dev1273 /home/zmw/big_space/zhangmeiwei_space/asr_data/ad/A/B/S479.wav
Dev1274 /home/zmw/big_space/zhangmeiwei_space/asr_data/ad/A/B/S353.wav
Dev1275 /home/zmw/big_space/zhangmeiwei_space/asr_data/ad/A/C/F411.wav
Dev1276 /home/zmw/big_space/zhangmeiwei_space/asr_data/ad/A/A/E555.wav
Dev1277 /home/zmw/big_space/zhangmeiwei_space/asr_data/ad/A/B/H32.wav
Dev1278 /home/zmw/big_space/zhangmeiwei_space/asr_data/ad/A/C/H383.wav
Dev1279 /home/zmw/big_space/zhangmeiwei_space/asr_data/ad/A/C/B112.wav
Dev1280 /home/zmw/big_space/zhangmeiwei_space/asr_data/ad/A/A/B457.wav
Dev1281 /home/zmw/big_space/zhangmeiwei_space/asr_data/ad/A/C/D504.wav
Dev1282 /home/zmw/big_space/zhangmeiwei_space/asr_data/ad/A/C/F124.wav
Dev1283 /home/zmw/big_space/zhangmeiwei_space/asr_data/ad/A/A/C159.wav
Dev1284 /home/zmw/big_space/zhangmeiwei_space/asr_data/ad/A/B/G269.wav
Dev1285 /home/zmw/big_space/zhangmeiwei_space/asr_data/ad/A/B/S24.wav
Dev1286 /home/zmw/big_space/zhangmeiwei_space/asr_data/ad/A/B/Y189.wav
Dev1287 /home/zmw/big_space/zhangmeiwei_space/asr_data/ad/A/A/B246.wav
Dev1288 /home/zmw/big_space/zhangmeiwei_space/asr_data/ad/A/A/D552.wav
Dev1289 /home/zmw/big_space/zhangmeiwei_space/asr_data/ad/A/A/D043.wav
Dev1290 /home/zmw/big_space/zhangmeiwei_space/asr_data/ad/A/B/G227.wav
Dev1291 /home/zmw/big_space/zhangmeiwei_space/asr_data/ad/A/A/A424.wav
Dev1292 /home/zmw/big_space/zhangmeiwei_space/asr_data/ad/A/C/B275.wav
Dev1293 /home/zmw/big_space/zhangmeiwei_space/asr_data/ad/A/A/C245.wav
Dev1294 /home/zmw/big_space/zhangmeiwei_space/asr_data/ad/A/C/C100.wav
Dev1295 /home/zmw/big_space/zhangmeiwei_space/asr_data/ad/A/A/A262.wav
Dev1296 /home/zmw/big_space/zhangmeiwei_space/asr_data/ad/A/A/A245.wav
Dev1297 /home/zmw/big_space/zhangmeiwei_space/asr_data/ad/A/A/C128.wav
Dev1298 /home/zmw/big_space/zhangmeiwei_space/asr_data/ad/A/B/L250.wav
Dev1299 /home/zmw/big_space/zhangmeiwei_space/asr_data/ad/A/A/A697.wav
Dev1300 /home/zmw/big_space/zhangmeiwei_space/asr_data/ad/A/A/B608.wav
Dev1301 /home/zmw/big_space/zhangmeiwei_space/asr_data/ad/A/A/E278.wav
Dev1302 /home/zmw/big_space/zhangmeiwei_space/asr_data/ad/A/C/B68.wav
Dev1303 /home/zmw/big_space/zhangmeiwei_space/asr_data/ad/A/C/E371.wav
Dev1304 /home/zmw/big_space/zhangmeiwei_space/asr_data/ad/A/A/A590.wav
Dev1305 /home/zmw/big_space/zhangmeiwei_space/asr_data/ad/A/C/E417.wav
Dev1306 /home/zmw/big_space/zhangmeiwei_space/asr_data/ad/A/A/C299.wav
Dev1307 /home/zmw/big_space/zhangmeiwei_space/asr_data/ad/A/C/A281.wav
Dev1308 /home/zmw/big_space/zhangmeiwei_space/asr_data/ad/A/B/A252.wav
Dev1309 /home/zmw/big_space/zhangmeiwei_space/asr_data/ad/A/B/B148.wav
Dev1310 /home/zmw/big_space/zhangmeiwei_space/asr_data/ad/A/C/F165.wav
Dev1311 /home/zmw/big_space/zhangmeiwei_space/asr_data/ad/A/A/D188.wav
Dev1312 /home/zmw/big_space/zhangmeiwei_space/asr_data/ad/A/A/A802.wav
Dev1313 /home/zmw/big_space/zhangmeiwei_space/asr_data/ad/A/A/A764.wav
Dev1314 /home/zmw/big_space/zhangmeiwei_space/asr_data/ad/A/A/E571.wav
Dev1315 /home/zmw/big_space/zhangmeiwei_space/asr_data/ad/A/A/Q915.wav
Dev1316 /home/zmw/big_space/zhangmeiwei_space/asr_data/ad/A/A/A621.wav
Dev1317 /home/zmw/big_space/zhangmeiwei_space/asr_data/ad/A/C/B331.wav
Dev1318 /home/zmw/big_space/zhangmeiwei_space/asr_data/ad/A/A/B625.wav
Dev1319 /home/zmw/big_space/zhangmeiwei_space/asr_data/ad/A/C/B139.wav
Dev1320 /home/zmw/big_space/zhangmeiwei_space/asr_data/ad/A/A/Q218.wav
Dev1321 /home/zmw/big_space/zhangmeiwei_space/asr_data/ad/A/A/D184.wav
Dev1322 /home/zmw/big_space/zhangmeiwei_space/asr_data/ad/A/C/C211.wav
Dev1323 /home/zmw/big_space/zhangmeiwei_space/asr_data/ad/A/A/B145.wav
Dev1324 /home/zmw/big_space/zhangmeiwei_space/asr_data/ad/A/B/S83.wav
Dev1325 /home/zmw/big_space/zhangmeiwei_space/asr_data/ad/A/B/B509.wav
Dev1326 /home/zmw/big_space/zhangmeiwei_space/asr_data/ad/A/B/L123.wav
Dev1327 /home/zmw/big_space/zhangmeiwei_space/asr_data/ad/A/A/B657.wav
Dev1328 /home/zmw/big_space/zhangmeiwei_space/asr_data/ad/A/C/C162.wav
Dev1329 /home/zmw/big_space/zhangmeiwei_space/asr_data/ad/A/B/B750.wav
Dev1330 /home/zmw/big_space/zhangmeiwei_space/asr_data/ad/A/B/Z314.wav
Dev1331 /home/zmw/big_space/zhangmeiwei_space/asr_data/ad/A/A/C646.wav
Dev1332 /home/zmw/big_space/zhangmeiwei_space/asr_data/ad/A/C/C483.wav
Dev1333 /home/zmw/big_space/zhangmeiwei_space/asr_data/ad/A/B/Q20.wav
Dev1334 /home/zmw/big_space/zhangmeiwei_space/asr_data/ad/A/B/Y300.wav
Dev1335 /home/zmw/big_space/zhangmeiwei_space/asr_data/ad/A/B/E389.wav
Dev1336 /home/zmw/big_space/zhangmeiwei_space/asr_data/ad/A/C/F223.wav
Dev1337 /home/zmw/big_space/zhangmeiwei_space/asr_data/ad/A/C/C132.wav
Dev1338 /home/zmw/big_space/zhangmeiwei_space/asr_data/ad/A/C/B371.wav
Dev1339 /home/zmw/big_space/zhangmeiwei_space/asr_data/ad/A/C/C551.wav
Dev1340 /home/zmw/big_space/zhangmeiwei_space/asr_data/ad/A/A/Q042.wav
Dev1341 /home/zmw/big_space/zhangmeiwei_space/asr_data/ad/A/B/E305.wav
Dev1342 /home/zmw/big_space/zhangmeiwei_space/asr_data/ad/A/C/C395.wav
Dev1343 /home/zmw/big_space/zhangmeiwei_space/asr_data/ad/A/A/A363.wav
Dev1344 /home/zmw/big_space/zhangmeiwei_space/asr_data/ad/A/B/S225.wav
Dev1345 /home/zmw/big_space/zhangmeiwei_space/asr_data/ad/A/B/B632.wav
Dev1346 /home/zmw/big_space/zhangmeiwei_space/asr_data/ad/A/B/C120.wav
Dev1347 /home/zmw/big_space/zhangmeiwei_space/asr_data/ad/A/A/C346.wav
Dev1348 /home/zmw/big_space/zhangmeiwei_space/asr_data/ad/A/C/C415.wav
Dev1349 /home/zmw/big_space/zhangmeiwei_space/asr_data/ad/A/C/C468.wav
Dev1350 /home/zmw/big_space/zhangmeiwei_space/asr_data/ad/A/A/B208.wav
Dev1351 /home/zmw/big_space/zhangmeiwei_space/asr_data/ad/A/B/C52.wav
Dev1352 /home/zmw/big_space/zhangmeiwei_space/asr_data/ad/A/A/A302.wav
Dev1353 /home/zmw/big_space/zhangmeiwei_space/asr_data/ad/A/C/F642.wav
Dev1354 /home/zmw/big_space/zhangmeiwei_space/asr_data/ad/A/A/E558.wav
Dev1355 /home/zmw/big_space/zhangmeiwei_space/asr_data/ad/A/A/Q554.wav
Dev1356 /home/zmw/big_space/zhangmeiwei_space/asr_data/ad/A/A/B575.wav
Dev1357 /home/zmw/big_space/zhangmeiwei_space/asr_data/ad/A/B/S283.wav
Dev1358 /home/zmw/big_space/zhangmeiwei_space/asr_data/ad/A/C/G125.wav
Dev1359 /home/zmw/big_space/zhangmeiwei_space/asr_data/ad/A/B/Q27.wav
Dev1360 /home/zmw/big_space/zhangmeiwei_space/asr_data/ad/A/C/G226.wav
Dev1361 /home/zmw/big_space/zhangmeiwei_space/asr_data/ad/A/C/A193.wav
